running egg_info
writing ../../build/py_send_camera/py_send_camera.egg-info/PKG-INFO
writing dependency_links to ../../build/py_send_camera/py_send_camera.egg-info/dependency_links.txt
writing entry points to ../../build/py_send_camera/py_send_camera.egg-info/entry_points.txt
writing requirements to ../../build/py_send_camera/py_send_camera.egg-info/requires.txt
writing top-level names to ../../build/py_send_camera/py_send_camera.egg-info/top_level.txt
reading manifest file '../../build/py_send_camera/py_send_camera.egg-info/SOURCES.txt'
writing manifest file '../../build/py_send_camera/py_send_camera.egg-info/SOURCES.txt'
running build
running build_py
copying py_send_camera/send_camera.py -> /home/mito/proj_robot/robot/py_send_camera_ws/build/py_send_camera/build/lib/py_send_camera
running install
running install_lib
copying /home/mito/proj_robot/robot/py_send_camera_ws/build/py_send_camera/build/lib/py_send_camera/send_camera.py -> /home/mito/proj_robot/robot/py_send_camera_ws/install/py_send_camera/lib/python3.12/site-packages/py_send_camera
byte-compiling /home/mito/proj_robot/robot/py_send_camera_ws/install/py_send_camera/lib/python3.12/site-packages/py_send_camera/send_camera.py to send_camera.cpython-312.pyc
running install_data
running install_egg_info
removing '/home/mito/proj_robot/robot/py_send_camera_ws/install/py_send_camera/lib/python3.12/site-packages/py_send_camera-0.0.0-py3.12.egg-info' (and everything under it)
Copying ../../build/py_send_camera/py_send_camera.egg-info to /home/mito/proj_robot/robot/py_send_camera_ws/install/py_send_camera/lib/python3.12/site-packages/py_send_camera-0.0.0-py3.12.egg-info
running install_scripts
Installing send_camera script to /home/mito/proj_robot/robot/py_send_camera_ws/install/py_send_camera/lib/py_send_camera
writing list of installed files to '/home/mito/proj_robot/robot/py_send_camera_ws/build/py_send_camera/install.log'
