[1.273s] Invoking command in '/home/mito/proj_robot/robot/py_send_camera_ws/src/py_send_camera': DEBUGINFOD_URLS=https://debuginfod.ubuntu.com PYTHONPATH=/home/mito/proj_robot/robot/py_send_camera_ws/build/py_send_camera/prefix_override:/usr/lib/python3/dist-packages/colcon_core/task/python/colcon_distutils_commands:/home/mito/proj_robot/robot/py_send_camera_ws/install/py_send_camera/lib/python3.12/site-packages:${PYTHONPATH} /usr/bin/python3 -W ignore:setup.py install is deprecated -W ignore:easy_install command is deprecated setup.py egg_info --egg-base ../../build/py_send_camera build --build-base /home/mito/proj_robot/robot/py_send_camera_ws/build/py_send_camera/build install --record /home/mito/proj_robot/robot/py_send_camera_ws/build/py_send_camera/install.log --single-version-externally-managed install_data
[1.653s] running egg_info
[1.682s] writing ../../build/py_send_camera/py_send_camera.egg-info/PKG-INFO
[1.683s] writing dependency_links to ../../build/py_send_camera/py_send_camera.egg-info/dependency_links.txt
[1.685s] writing entry points to ../../build/py_send_camera/py_send_camera.egg-info/entry_points.txt
[1.687s] writing requirements to ../../build/py_send_camera/py_send_camera.egg-info/requires.txt
[1.689s] writing top-level names to ../../build/py_send_camera/py_send_camera.egg-info/top_level.txt
[1.739s] reading manifest file '../../build/py_send_camera/py_send_camera.egg-info/SOURCES.txt'
[1.740s] writing manifest file '../../build/py_send_camera/py_send_camera.egg-info/SOURCES.txt'
[1.741s] running build
[1.741s] running build_py
[1.741s] running install
[1.751s] running install_lib
[1.772s] running install_data
[1.773s] running install_egg_info
[1.794s] removing '/home/mito/proj_robot/robot/py_send_camera_ws/install/py_send_camera/lib/python3.12/site-packages/py_send_camera-0.0.0-py3.12.egg-info' (and everything under it)
[1.795s] Copying ../../build/py_send_camera/py_send_camera.egg-info to /home/mito/proj_robot/robot/py_send_camera_ws/install/py_send_camera/lib/python3.12/site-packages/py_send_camera-0.0.0-py3.12.egg-info
[1.796s] running install_scripts
[1.957s] Installing send_camera script to /home/mito/proj_robot/robot/py_send_camera_ws/install/py_send_camera/lib/py_send_camera
[1.958s] writing list of installed files to '/home/mito/proj_robot/robot/py_send_camera_ws/build/py_send_camera/install.log'
[2.085s] Invoked command in '/home/mito/proj_robot/robot/py_send_camera_ws/src/py_send_camera' returned '0': DEBUGINFOD_URLS=https://debuginfod.ubuntu.com PYTHONPATH=/home/mito/proj_robot/robot/py_send_camera_ws/build/py_send_camera/prefix_override:/usr/lib/python3/dist-packages/colcon_core/task/python/colcon_distutils_commands:/home/mito/proj_robot/robot/py_send_camera_ws/install/py_send_camera/lib/python3.12/site-packages:${PYTHONPATH} /usr/bin/python3 -W ignore:setup.py install is deprecated -W ignore:easy_install command is deprecated setup.py egg_info --egg-base ../../build/py_send_camera build --build-base /home/mito/proj_robot/robot/py_send_camera_ws/build/py_send_camera/build install --record /home/mito/proj_robot/robot/py_send_camera_ws/build/py_send_camera/install.log --single-version-externally-managed install_data
