running egg_info
creating ../../build/py_send_camera/py_send_camera.egg-info
writing ../../build/py_send_camera/py_send_camera.egg-info/PKG-INFO
writing dependency_links to ../../build/py_send_camera/py_send_camera.egg-info/dependency_links.txt
writing entry points to ../../build/py_send_camera/py_send_camera.egg-info/entry_points.txt
writing requirements to ../../build/py_send_camera/py_send_camera.egg-info/requires.txt
writing top-level names to ../../build/py_send_camera/py_send_camera.egg-info/top_level.txt
writing manifest file '../../build/py_send_camera/py_send_camera.egg-info/SOURCES.txt'
reading manifest file '../../build/py_send_camera/py_send_camera.egg-info/SOURCES.txt'
writing manifest file '../../build/py_send_camera/py_send_camera.egg-info/SOURCES.txt'
running build
running build_py
creating /home/mito/proj_robot/py_send_camera_ws/build/py_send_camera/build
creating /home/mito/proj_robot/py_send_camera_ws/build/py_send_camera/build/lib
creating /home/mito/proj_robot/py_send_camera_ws/build/py_send_camera/build/lib/py_send_camera
copying py_send_camera/__init__.py -> /home/mito/proj_robot/py_send_camera_ws/build/py_send_camera/build/lib/py_send_camera
copying py_send_camera/send_camera.py -> /home/mito/proj_robot/py_send_camera_ws/build/py_send_camera/build/lib/py_send_camera
running install
running install_lib
creating /home/mito/proj_robot/py_send_camera_ws/install/py_send_camera/lib/python3.12/site-packages/py_send_camera
copying /home/mito/proj_robot/py_send_camera_ws/build/py_send_camera/build/lib/py_send_camera/__init__.py -> /home/mito/proj_robot/py_send_camera_ws/install/py_send_camera/lib/python3.12/site-packages/py_send_camera
copying /home/mito/proj_robot/py_send_camera_ws/build/py_send_camera/build/lib/py_send_camera/send_camera.py -> /home/mito/proj_robot/py_send_camera_ws/install/py_send_camera/lib/python3.12/site-packages/py_send_camera
byte-compiling /home/mito/proj_robot/py_send_camera_ws/install/py_send_camera/lib/python3.12/site-packages/py_send_camera/__init__.py to __init__.cpython-312.pyc
byte-compiling /home/mito/proj_robot/py_send_camera_ws/install/py_send_camera/lib/python3.12/site-packages/py_send_camera/send_camera.py to send_camera.cpython-312.pyc
running install_data
creating /home/mito/proj_robot/py_send_camera_ws/install/py_send_camera/share/ament_index
creating /home/mito/proj_robot/py_send_camera_ws/install/py_send_camera/share/ament_index/resource_index
creating /home/mito/proj_robot/py_send_camera_ws/install/py_send_camera/share/ament_index/resource_index/packages
copying resource/py_send_camera -> /home/mito/proj_robot/py_send_camera_ws/install/py_send_camera/share/ament_index/resource_index/packages
copying package.xml -> /home/mito/proj_robot/py_send_camera_ws/install/py_send_camera/share/py_send_camera
running install_egg_info
Copying ../../build/py_send_camera/py_send_camera.egg-info to /home/mito/proj_robot/py_send_camera_ws/install/py_send_camera/lib/python3.12/site-packages/py_send_camera-0.0.0-py3.12.egg-info
running install_scripts
Installing send_camera script to /home/mito/proj_robot/py_send_camera_ws/install/py_send_camera/lib/py_send_camera
writing list of installed files to '/home/mito/proj_robot/py_send_camera_ws/build/py_send_camera/install.log'
