17:19:02 **** Clean-only build of configuration Debug for project base_robot ****
make -j8 clean 
rm -rf ./Middlewares/Third_Party/FreeRTOS/Source/portable/MemMang/heap_4.cyclo ./Middlewares/Third_Party/FreeRTOS/Source/portable/MemMang/heap_4.d ./Middlewares/Third_Party/FreeRTOS/Source/portable/MemMang/heap_4.o ./Middlewares/Third_Party/FreeRTOS/Source/portable/MemMang/heap_4.su
rm -rf ./Middlewares/Third_Party/FreeRTOS/Source/portable/GCC/ARM_CM4F/port.cyclo ./Middlewares/Third_Party/FreeRTOS/Source/portable/GCC/ARM_CM4F/port.d ./Middlewares/Third_Party/FreeRTOS/Source/portable/GCC/ARM_CM4F/port.o ./Middlewares/Third_Party/FreeRTOS/Source/portable/GCC/ARM_CM4F/port.su
rm -rf ./Middlewares/Third_Party/FreeRTOS/Source/CMSIS_RTOS_V2/cmsis_os2.cyclo ./Middlewares/Third_Party/FreeRTOS/Source/CMSIS_RTOS_V2/cmsis_os2.d ./Middlewares/Third_Party/FreeRTOS/Source/CMSIS_RTOS_V2/cmsis_os2.o ./Middlewares/Third_Party/FreeRTOS/Source/CMSIS_RTOS_V2/cmsis_os2.su
rm -rf ./Middlewares/Third_Party/FreeRTOS/Source/croutine.cyclo ./Middlewares/Third_Party/FreeRTOS/Source/croutine.d ./Middlewares/Third_Party/FreeRTOS/Source/croutine.o ./Middlewares/Third_Party/FreeRTOS/Source/croutine.su ./Middlewares/Third_Party/FreeRTOS/Source/event_groups.cyclo ./Middlewares/Third_Party/FreeRTOS/Source/event_groups.d ./Middlewares/Third_Party/FreeRTOS/Source/event_groups.o ./Middlewares/Third_Party/FreeRTOS/Source/event_groups.su ./Middlewares/Third_Party/FreeRTOS/Source/list.cyclo ./Middlewares/Third_Party/FreeRTOS/Source/list.d ./Middlewares/Third_Party/FreeRTOS/Source/list.o ./Middlewares/Third_Party/FreeRTOS/Source/list.su ./Middlewares/Third_Party/FreeRTOS/Source/queue.cyclo ./Middlewares/Third_Party/FreeRTOS/Source/queue.d ./Middlewares/Third_Party/FreeRTOS/Source/queue.o ./Middlewares/Third_Party/FreeRTOS/Source/queue.su ./Middlewares/Third_Party/FreeRTOS/Source/stream_buffer.cyclo ./Middlewares/Third_Party/FreeRTOS/Source/stream_buffer.d ./Middlewares/Third_Party/FreeRTOS/Source/stream_buffer.o ./Middlewares/Third_Party/FreeRTOS/Source/stream_buffer.su ./Middlewares/Third_Party/FreeRTOS/Source/tasks.cyclo ./Middlewares/Third_Party/FreeRTOS/Source/tasks.d ./Middlewares/Third_Party/FreeRTOS/Source/tasks.o ./Middlewares/Third_Party/FreeRTOS/Source/tasks.su ./Middlewares/Third_Party/FreeRTOS/Source/timers.cyclo ./Middlewares/Third_Party/FreeRTOS/Source/timers.d ./Middlewares/Third_Party/FreeRTOS/Source/timers.o ./Middlewares/Third_Party/FreeRTOS/Source/timers.su
rm -rf ./Drivers/STM32F4xx_HAL_Driver/Src/stm32f4xx_hal.cyclo ./Drivers/STM32F4xx_HAL_Driver/Src/stm32f4xx_hal.d ./Drivers/STM32F4xx_HAL_Driver/Src/stm32f4xx_hal.o ./Drivers/STM32F4xx_HAL_Driver/Src/stm32f4xx_hal.su ./Drivers/STM32F4xx_HAL_Driver/Src/stm32f4xx_hal_adc.cyclo ./Drivers/STM32F4xx_HAL_Driver/Src/stm32f4xx_hal_adc.d ./Drivers/STM32F4xx_HAL_Driver/Src/stm32f4xx_hal_adc.o ./Drivers/STM32F4xx_HAL_Driver/Src/stm32f4xx_hal_adc.su ./Drivers/STM32F4xx_HAL_Driver/Src/stm32f4xx_hal_adc_ex.cyclo ./Drivers/STM32F4xx_HAL_Driver/Src/stm32f4xx_hal_adc_ex.d ./Drivers/STM32F4xx_HAL_Driver/Src/stm32f4xx_hal_adc_ex.o ./Drivers/STM32F4xx_HAL_Driver/Src/stm32f4xx_hal_adc_ex.su ./Drivers/STM32F4xx_HAL_Driver/Src/stm32f4xx_hal_cortex.cyclo ./Drivers/STM32F4xx_HAL_Driver/Src/stm32f4xx_hal_cortex.d ./Drivers/STM32F4xx_HAL_Driver/Src/stm32f4xx_hal_cortex.o ./Drivers/STM32F4xx_HAL_Driver/Src/stm32f4xx_hal_cortex.su ./Drivers/STM32F4xx_HAL_Driver/Src/stm32f4xx_hal_dma.cyclo ./Drivers/STM32F4xx_HAL_Driver/Src/stm32f4xx_hal_dma.d ./Drivers/STM32F4xx_HAL_Driver/Src/stm32f4xx_hal_dma.o ./Drivers/STM32F4xx_HAL_Driver/Src/stm32f4xx_hal_dma.su ./Drivers/STM32F4xx_HAL_Driver/Src/stm32f4xx_hal_dma_ex.cyclo ./Drivers/STM32F4xx_HAL_Driver/Src/stm32f4xx_hal_dma_ex.d ./Drivers/STM32F4xx_HAL_Driver/Src/stm32f4xx_hal_dma_ex.o ./Drivers/STM32F4xx_HAL_Driver/Src/stm32f4xx_hal_dma_ex.su ./Drivers/STM32F4xx_HAL_Driver/Src/stm32f4xx_hal_exti.cyclo ./Drivers/STM32F4xx_HAL_Driver/Src/stm32f4xx_hal_exti.d ./Drivers/STM32F4xx_HAL_Driver/Src/stm32f4xx_hal_exti.o ./Drivers/STM32F4xx_HAL_Driver/Src/stm32f4xx_hal_exti.su ./Drivers/STM32F4xx_HAL_Driver/Src/stm32f4xx_hal_flash.cyclo ./Drivers/STM32F4xx_HAL_Driver/Src/stm32f4xx_hal_flash.d ./Drivers/STM32F4xx_HAL_Driver/Src/stm32f4xx_hal_flash.o ./Drivers/STM32F4xx_HAL_Driver/Src/stm32f4xx_hal_flash.su ./Drivers/STM32F4xx_HAL_Driver/Src/stm32f4xx_hal_flash_ex.cyclo ./Drivers/STM32F4xx_HAL_Driver/Src/stm32f4xx_hal_flash_ex.d ./Drivers/STM32F4xx_HAL_Driver/Src/stm32f4xx_hal_flash_ex.o ./Drivers/STM32F4xx_HAL_Driver/Src/stm32f4xx_hal_flash_ex.su ./Drivers/STM32F4xx_HAL_Driver/Src/stm32f4xx_hal_flash_ramfunc.cyclo ./Drivers/STM32F4xx_HAL_Driver/Src/stm32f4xx_hal_flash_ramfunc.d ./Drivers/STM32F4xx_HAL_Driver/Src/stm32f4xx_hal_flash_ramfunc.o ./Drivers/STM32F4xx_HAL_Driver/Src/stm32f4xx_hal_flash_ramfunc.su ./Drivers/STM32F4xx_HAL_Driver/Src/stm32f4xx_hal_gpio.cyclo ./Drivers/STM32F4xx_HAL_Driver/Src/stm32f4xx_hal_gpio.d ./Drivers/STM32F4xx_HAL_Driver/Src/stm32f4xx_hal_gpio.o ./Drivers/STM32F4xx_HAL_Driver/Src/stm32f4xx_hal_gpio.su ./Drivers/STM32F4xx_HAL_Driver/Src/stm32f4xx_hal_i2c.cyclo ./Drivers/STM32F4xx_HAL_Driver/Src/stm32f4xx_hal_i2c.d ./Drivers/STM32F4xx_HAL_Driver/Src/stm32f4xx_hal_i2c.o ./Drivers/STM32F4xx_HAL_Driver/Src/stm32f4xx_hal_i2c.su ./Drivers/STM32F4xx_HAL_Driver/Src/stm32f4xx_hal_i2c_ex.cyclo ./Drivers/STM32F4xx_HAL_Driver/Src/stm32f4xx_hal_i2c_ex.d ./Drivers/STM32F4xx_HAL_Driver/Src/stm32f4xx_hal_i2c_ex.o ./Drivers/STM32F4xx_HAL_Driver/Src/stm32f4xx_hal_i2c_ex.su ./Drivers/STM32F4xx_HAL_Driver/Src/stm32f4xx_hal_pwr.cyclo ./Drivers/STM32F4xx_HAL_Driver/Src/stm32f4xx_hal_pwr.d ./Drivers/STM32F4xx_HAL_Driver/Src/stm32f4xx_hal_pwr.o ./Drivers/STM32F4xx_HAL_Driver/Src/stm32f4xx_hal_pwr.su ./Drivers/STM32F4xx_HAL_Driver/Src/stm32f4xx_hal_pwr_ex.cyclo ./Drivers/STM32F4xx_HAL_Driver/Src/stm32f4xx_hal_pwr_ex.d ./Drivers/STM32F4xx_HAL_Driver/Src/stm32f4xx_hal_pwr_ex.o ./Drivers/STM32F4xx_HAL_Driver/Src/stm32f4xx_hal_pwr_ex.su ./Drivers/STM32F4xx_HAL_Driver/Src/stm32f4xx_hal_rcc.cyclo ./Drivers/STM32F4xx_HAL_Driver/Src/stm32f4xx_hal_rcc.d ./Drivers/STM32F4xx_HAL_Driver/Src/stm32f4xx_hal_rcc.o ./Drivers/STM32F4xx_HAL_Driver/Src/stm32f4xx_hal_rcc.su ./Drivers/STM32F4xx_HAL_Driver/Src/stm32f4xx_hal_rcc_ex.cyclo ./Drivers/STM32F4xx_HAL_Driver/Src/stm32f4xx_hal_rcc_ex.d ./Drivers/STM32F4xx_HAL_Driver/Src/stm32f4xx_hal_rcc_ex.o ./Drivers/STM32F4xx_HAL_Driver/Src/stm32f4xx_hal_rcc_ex.su ./Drivers/STM32F4xx_HAL_Driver/Src/stm32f4xx_hal_tim.cyclo ./Drivers/STM32F4xx_HAL_Driver/Src/stm32f4xx_hal_tim.d ./Drivers/STM32F4xx_HAL_Driver/Src/stm32f4xx_hal_tim.o ./Drivers/STM32F4xx_HAL_Driver/Src/stm32f4xx_hal_tim.su ./Drivers/STM32F4xx_HAL_Driver/Src/stm32f4xx_hal_tim_ex.cyclo ./Drivers/STM32F4xx_HAL_Driver/Src/stm32f4xx_hal_tim_ex.d ./Drivers/STM32F4xx_HAL_Driver/Src/stm32f4xx_hal_tim_ex.o ./Drivers/STM32F4xx_HAL_Driver/Src/stm32f4xx_hal_tim_ex.su ./Drivers/STM32F4xx_HAL_Driver/Src/stm32f4xx_hal_uart.cyclo ./Drivers/STM32F4xx_HAL_Driver/Src/stm32f4xx_hal_uart.d ./Drivers/STM32F4xx_HAL_Driver/Src/stm32f4xx_hal_uart.o ./Drivers/STM32F4xx_HAL_Driver/Src/stm32f4xx_hal_uart.su
rm -rf ./Core/Startup/startup_stm32f411retx.d ./Core/Startup/startup_stm32f411retx.o
rm -rf ./Core/Src/VL53L0X.cyclo ./Core/Src/VL53L0X.d ./Core/Src/VL53L0X.o ./Core/Src/VL53L0X.su ./Core/Src/captDistIR.cyclo ./Core/Src/captDistIR.d ./Core/Src/captDistIR.o ./Core/Src/captDistIR.su ./Core/Src/custom_memory_manager.cyclo ./Core/Src/custom_memory_manager.d ./Core/Src/custom_memory_manager.o ./Core/Src/custom_memory_manager.su ./Core/Src/dma_transport.cyclo ./Core/Src/dma_transport.d ./Core/Src/dma_transport.o ./Core/Src/dma_transport.su ./Core/Src/drv_gpio.cyclo ./Core/Src/drv_gpio.d ./Core/Src/drv_gpio.o ./Core/Src/drv_gpio.su ./Core/Src/drv_i2c.cyclo ./Core/Src/drv_i2c.d ./Core/Src/drv_i2c.o ./Core/Src/drv_i2c.su ./Core/Src/drv_uart.cyclo ./Core/Src/drv_uart.d ./Core/Src/drv_uart.o ./Core/Src/drv_uart.su ./Core/Src/freertos.cyclo ./Core/Src/freertos.d ./Core/Src/freertos.o ./Core/Src/freertos.su ./Core/Src/groveLCD.cyclo ./Core/Src/groveLCD.d ./Core/Src/groveLCD.o ./Core/Src/groveLCD.su ./Core/Src/main.cyclo ./Core/Src/main.d ./Core/Src/main.o ./Core/Src/main.su ./Core/Src/microros_allocators.cyclo ./Core/Src/microros_allocators.d ./Core/Src/microros_allocators.o ./Core/Src/microros_allocators.su ./Core/Src/microros_time.cyclo ./Core/Src/microros_time.d ./Core/Src/microros_time.o ./Core/Src/microros_time.su ./Core/Src/motorCommand.cyclo ./Core/Src/motorCommand.d ./Core/Src/motorCommand.o ./Core/Src/motorCommand.su ./Core/Src/quadEncoder.cyclo ./Core/Src/quadEncoder.d ./Core/Src/quadEncoder.o ./Core/Src/quadEncoder.su ./Core/Src/stm32f4xx_hal_msp.cyclo ./Core/Src/stm32f4xx_hal_msp.d ./Core/Src/stm32f4xx_hal_msp.o ./Core/Src/stm32f4xx_hal_msp.su ./Core/Src/stm32f4xx_hal_timebase_tim.cyclo ./Core/Src/stm32f4xx_hal_timebase_tim.d ./Core/Src/stm32f4xx_hal_timebase_tim.o ./Core/Src/stm32f4xx_hal_timebase_tim.su ./Core/Src/stm32f4xx_it.cyclo ./Core/Src/stm32f4xx_it.d ./Core/Src/stm32f4xx_it.o ./Core/Src/stm32f4xx_it.su ./Core/Src/syscalls.cyclo ./Core/Src/syscalls.d ./Core/Src/syscalls.o ./Core/Src/syscalls.su ./Core/Src/sysmem.cyclo ./Core/Src/sysmem.d ./Core/Src/sysmem.o ./Core/Src/sysmem.su ./Core/Src/system_stm32f4xx.cyclo ./Core/Src/system_stm32f4xx.d ./Core/Src/system_stm32f4xx.o ./Core/Src/system_stm32f4xx.su ./Core/Src/systemclock.cyclo ./Core/Src/systemclock.d ./Core/Src/systemclock.o ./Core/Src/systemclock.su ./Core/Src/util.cyclo ./Core/Src/util.d ./Core/Src/util.o ./Core/Src/util.su
rm -rf base_robot.elf base_robot.list base_robot.map default.size.stdout
 
17:19:03 **** Build of configuration Debug for project base_robot ****
make -j8 all 
arm-none-eabi-gcc "../Middlewares/Third_Party/FreeRTOS/Source/portable/MemMang/heap_4.c" -mcpu=cortex-m4 -std=gnu11 -g3 -DDEBUG -DUSE_HAL_DRIVER -DSTM32F411xE -c -I../Core/Inc -I../Drivers/STM32F4xx_HAL_Driver/Inc -I"/home/kerhoas/WORKSPACE_WEB2/ROBOT_ROS_/WORKSPACE_F411_uROS/base_robot/micro_ros_stm32cubemx_utils/microros_static_library/libmicroros/microros_include" -I../Drivers/STM32F4xx_HAL_Driver/Inc/Legacy -I../Drivers/CMSIS/Device/ST/STM32F4xx/Include -I../Drivers/CMSIS/Include -I../Middlewares/Third_Party/FreeRTOS/Source/include -I../Middlewares/Third_Party/FreeRTOS/Source/CMSIS_RTOS_V2 -I../Middlewares/Third_Party/FreeRTOS/Source/portable/GCC/ARM_CM4F -O0 -ffunction-sections -fdata-sections -Wall -fstack-usage -fcyclomatic-complexity -MMD -MP -MF"Middlewares/Third_Party/FreeRTOS/Source/portable/MemMang/heap_4.d" -MT"Middlewares/Third_Party/FreeRTOS/Source/portable/MemMang/heap_4.o" --specs=nano.specs -mfpu=fpv4-sp-d16 -mfloat-abi=hard -mthumb -o "Middlewares/Third_Party/FreeRTOS/Source/portable/MemMang/heap_4.o"
arm-none-eabi-gcc "../Middlewares/Third_Party/FreeRTOS/Source/portable/GCC/ARM_CM4F/port.c" -mcpu=cortex-m4 -std=gnu11 -g3 -DDEBUG -DUSE_HAL_DRIVER -DSTM32F411xE -c -I../Core/Inc -I../Drivers/STM32F4xx_HAL_Driver/Inc -I"/home/kerhoas/WORKSPACE_WEB2/ROBOT_ROS_/WORKSPACE_F411_uROS/base_robot/micro_ros_stm32cubemx_utils/microros_static_library/libmicroros/microros_include" -I../Drivers/STM32F4xx_HAL_Driver/Inc/Legacy -I../Drivers/CMSIS/Device/ST/STM32F4xx/Include -I../Drivers/CMSIS/Include -I../Middlewares/Third_Party/FreeRTOS/Source/include -I../Middlewares/Third_Party/FreeRTOS/Source/CMSIS_RTOS_V2 -I../Middlewares/Third_Party/FreeRTOS/Source/portable/GCC/ARM_CM4F -O0 -ffunction-sections -fdata-sections -Wall -fstack-usage -fcyclomatic-complexity -MMD -MP -MF"Middlewares/Third_Party/FreeRTOS/Source/portable/GCC/ARM_CM4F/port.d" -MT"Middlewares/Third_Party/FreeRTOS/Source/portable/GCC/ARM_CM4F/port.o" --specs=nano.specs -mfpu=fpv4-sp-d16 -mfloat-abi=hard -mthumb -o "Middlewares/Third_Party/FreeRTOS/Source/portable/GCC/ARM_CM4F/port.o"
arm-none-eabi-gcc "../Middlewares/Third_Party/FreeRTOS/Source/CMSIS_RTOS_V2/cmsis_os2.c" -mcpu=cortex-m4 -std=gnu11 -g3 -DDEBUG -DUSE_HAL_DRIVER -DSTM32F411xE -c -I../Core/Inc -I../Drivers/STM32F4xx_HAL_Driver/Inc -I"/home/kerhoas/WORKSPACE_WEB2/ROBOT_ROS_/WORKSPACE_F411_uROS/base_robot/micro_ros_stm32cubemx_utils/microros_static_library/libmicroros/microros_include" -I../Drivers/STM32F4xx_HAL_Driver/Inc/Legacy -I../Drivers/CMSIS/Device/ST/STM32F4xx/Include -I../Drivers/CMSIS/Include -I../Middlewares/Third_Party/FreeRTOS/Source/include -I../Middlewares/Third_Party/FreeRTOS/Source/CMSIS_RTOS_V2 -I../Middlewares/Third_Party/FreeRTOS/Source/portable/GCC/ARM_CM4F -O0 -ffunction-sections -fdata-sections -Wall -fstack-usage -fcyclomatic-complexity -MMD -MP -MF"Middlewares/Third_Party/FreeRTOS/Source/CMSIS_RTOS_V2/cmsis_os2.d" -MT"Middlewares/Third_Party/FreeRTOS/Source/CMSIS_RTOS_V2/cmsis_os2.o" --specs=nano.specs -mfpu=fpv4-sp-d16 -mfloat-abi=hard -mthumb -o "Middlewares/Third_Party/FreeRTOS/Source/CMSIS_RTOS_V2/cmsis_os2.o"
arm-none-eabi-gcc "../Middlewares/Third_Party/FreeRTOS/Source/croutine.c" -mcpu=cortex-m4 -std=gnu11 -g3 -DDEBUG -DUSE_HAL_DRIVER -DSTM32F411xE -c -I../Core/Inc -I../Drivers/STM32F4xx_HAL_Driver/Inc -I"/home/kerhoas/WORKSPACE_WEB2/ROBOT_ROS_/WORKSPACE_F411_uROS/base_robot/micro_ros_stm32cubemx_utils/microros_static_library/libmicroros/microros_include" -I../Drivers/STM32F4xx_HAL_Driver/Inc/Legacy -I../Drivers/CMSIS/Device/ST/STM32F4xx/Include -I../Drivers/CMSIS/Include -I../Middlewares/Third_Party/FreeRTOS/Source/include -I../Middlewares/Third_Party/FreeRTOS/Source/CMSIS_RTOS_V2 -I../Middlewares/Third_Party/FreeRTOS/Source/portable/GCC/ARM_CM4F -O0 -ffunction-sections -fdata-sections -Wall -fstack-usage -fcyclomatic-complexity -MMD -MP -MF"Middlewares/Third_Party/FreeRTOS/Source/croutine.d" -MT"Middlewares/Third_Party/FreeRTOS/Source/croutine.o" --specs=nano.specs -mfpu=fpv4-sp-d16 -mfloat-abi=hard -mthumb -o "Middlewares/Third_Party/FreeRTOS/Source/croutine.o"
arm-none-eabi-gcc "../Middlewares/Third_Party/FreeRTOS/Source/event_groups.c" -mcpu=cortex-m4 -std=gnu11 -g3 -DDEBUG -DUSE_HAL_DRIVER -DSTM32F411xE -c -I../Core/Inc -I../Drivers/STM32F4xx_HAL_Driver/Inc -I"/home/kerhoas/WORKSPACE_WEB2/ROBOT_ROS_/WORKSPACE_F411_uROS/base_robot/micro_ros_stm32cubemx_utils/microros_static_library/libmicroros/microros_include" -I../Drivers/STM32F4xx_HAL_Driver/Inc/Legacy -I../Drivers/CMSIS/Device/ST/STM32F4xx/Include -I../Drivers/CMSIS/Include -I../Middlewares/Third_Party/FreeRTOS/Source/include -I../Middlewares/Third_Party/FreeRTOS/Source/CMSIS_RTOS_V2 -I../Middlewares/Third_Party/FreeRTOS/Source/portable/GCC/ARM_CM4F -O0 -ffunction-sections -fdata-sections -Wall -fstack-usage -fcyclomatic-complexity -MMD -MP -MF"Middlewares/Third_Party/FreeRTOS/Source/event_groups.d" -MT"Middlewares/Third_Party/FreeRTOS/Source/event_groups.o" --specs=nano.specs -mfpu=fpv4-sp-d16 -mfloat-abi=hard -mthumb -o "Middlewares/Third_Party/FreeRTOS/Source/event_groups.o"
arm-none-eabi-gcc "../Middlewares/Third_Party/FreeRTOS/Source/list.c" -mcpu=cortex-m4 -std=gnu11 -g3 -DDEBUG -DUSE_HAL_DRIVER -DSTM32F411xE -c -I../Core/Inc -I../Drivers/STM32F4xx_HAL_Driver/Inc -I"/home/kerhoas/WORKSPACE_WEB2/ROBOT_ROS_/WORKSPACE_F411_uROS/base_robot/micro_ros_stm32cubemx_utils/microros_static_library/libmicroros/microros_include" -I../Drivers/STM32F4xx_HAL_Driver/Inc/Legacy -I../Drivers/CMSIS/Device/ST/STM32F4xx/Include -I../Drivers/CMSIS/Include -I../Middlewares/Third_Party/FreeRTOS/Source/include -I../Middlewares/Third_Party/FreeRTOS/Source/CMSIS_RTOS_V2 -I../Middlewares/Third_Party/FreeRTOS/Source/portable/GCC/ARM_CM4F -O0 -ffunction-sections -fdata-sections -Wall -fstack-usage -fcyclomatic-complexity -MMD -MP -MF"Middlewares/Third_Party/FreeRTOS/Source/list.d" -MT"Middlewares/Third_Party/FreeRTOS/Source/list.o" --specs=nano.specs -mfpu=fpv4-sp-d16 -mfloat-abi=hard -mthumb -o "Middlewares/Third_Party/FreeRTOS/Source/list.o"
arm-none-eabi-gcc "../Middlewares/Third_Party/FreeRTOS/Source/queue.c" -mcpu=cortex-m4 -std=gnu11 -g3 -DDEBUG -DUSE_HAL_DRIVER -DSTM32F411xE -c -I../Core/Inc -I../Drivers/STM32F4xx_HAL_Driver/Inc -I"/home/kerhoas/WORKSPACE_WEB2/ROBOT_ROS_/WORKSPACE_F411_uROS/base_robot/micro_ros_stm32cubemx_utils/microros_static_library/libmicroros/microros_include" -I../Drivers/STM32F4xx_HAL_Driver/Inc/Legacy -I../Drivers/CMSIS/Device/ST/STM32F4xx/Include -I../Drivers/CMSIS/Include -I../Middlewares/Third_Party/FreeRTOS/Source/include -I../Middlewares/Third_Party/FreeRTOS/Source/CMSIS_RTOS_V2 -I../Middlewares/Third_Party/FreeRTOS/Source/portable/GCC/ARM_CM4F -O0 -ffunction-sections -fdata-sections -Wall -fstack-usage -fcyclomatic-complexity -MMD -MP -MF"Middlewares/Third_Party/FreeRTOS/Source/queue.d" -MT"Middlewares/Third_Party/FreeRTOS/Source/queue.o" --specs=nano.specs -mfpu=fpv4-sp-d16 -mfloat-abi=hard -mthumb -o "Middlewares/Third_Party/FreeRTOS/Source/queue.o"
arm-none-eabi-gcc "../Middlewares/Third_Party/FreeRTOS/Source/stream_buffer.c" -mcpu=cortex-m4 -std=gnu11 -g3 -DDEBUG -DUSE_HAL_DRIVER -DSTM32F411xE -c -I../Core/Inc -I../Drivers/STM32F4xx_HAL_Driver/Inc -I"/home/kerhoas/WORKSPACE_WEB2/ROBOT_ROS_/WORKSPACE_F411_uROS/base_robot/micro_ros_stm32cubemx_utils/microros_static_library/libmicroros/microros_include" -I../Drivers/STM32F4xx_HAL_Driver/Inc/Legacy -I../Drivers/CMSIS/Device/ST/STM32F4xx/Include -I../Drivers/CMSIS/Include -I../Middlewares/Third_Party/FreeRTOS/Source/include -I../Middlewares/Third_Party/FreeRTOS/Source/CMSIS_RTOS_V2 -I../Middlewares/Third_Party/FreeRTOS/Source/portable/GCC/ARM_CM4F -O0 -ffunction-sections -fdata-sections -Wall -fstack-usage -fcyclomatic-complexity -MMD -MP -MF"Middlewares/Third_Party/FreeRTOS/Source/stream_buffer.d" -MT"Middlewares/Third_Party/FreeRTOS/Source/stream_buffer.o" --specs=nano.specs -mfpu=fpv4-sp-d16 -mfloat-abi=hard -mthumb -o "Middlewares/Third_Party/FreeRTOS/Source/stream_buffer.o"
arm-none-eabi-gcc "../Middlewares/Third_Party/FreeRTOS/Source/tasks.c" -mcpu=cortex-m4 -std=gnu11 -g3 -DDEBUG -DUSE_HAL_DRIVER -DSTM32F411xE -c -I../Core/Inc -I../Drivers/STM32F4xx_HAL_Driver/Inc -I"/home/kerhoas/WORKSPACE_WEB2/ROBOT_ROS_/WORKSPACE_F411_uROS/base_robot/micro_ros_stm32cubemx_utils/microros_static_library/libmicroros/microros_include" -I../Drivers/STM32F4xx_HAL_Driver/Inc/Legacy -I../Drivers/CMSIS/Device/ST/STM32F4xx/Include -I../Drivers/CMSIS/Include -I../Middlewares/Third_Party/FreeRTOS/Source/include -I../Middlewares/Third_Party/FreeRTOS/Source/CMSIS_RTOS_V2 -I../Middlewares/Third_Party/FreeRTOS/Source/portable/GCC/ARM_CM4F -O0 -ffunction-sections -fdata-sections -Wall -fstack-usage -fcyclomatic-complexity -MMD -MP -MF"Middlewares/Third_Party/FreeRTOS/Source/tasks.d" -MT"Middlewares/Third_Party/FreeRTOS/Source/tasks.o" --specs=nano.specs -mfpu=fpv4-sp-d16 -mfloat-abi=hard -mthumb -o "Middlewares/Third_Party/FreeRTOS/Source/tasks.o"
arm-none-eabi-gcc "../Middlewares/Third_Party/FreeRTOS/Source/timers.c" -mcpu=cortex-m4 -std=gnu11 -g3 -DDEBUG -DUSE_HAL_DRIVER -DSTM32F411xE -c -I../Core/Inc -I../Drivers/STM32F4xx_HAL_Driver/Inc -I"/home/kerhoas/WORKSPACE_WEB2/ROBOT_ROS_/WORKSPACE_F411_uROS/base_robot/micro_ros_stm32cubemx_utils/microros_static_library/libmicroros/microros_include" -I../Drivers/STM32F4xx_HAL_Driver/Inc/Legacy -I../Drivers/CMSIS/Device/ST/STM32F4xx/Include -I../Drivers/CMSIS/Include -I../Middlewares/Third_Party/FreeRTOS/Source/include -I../Middlewares/Third_Party/FreeRTOS/Source/CMSIS_RTOS_V2 -I../Middlewares/Third_Party/FreeRTOS/Source/portable/GCC/ARM_CM4F -O0 -ffunction-sections -fdata-sections -Wall -fstack-usage -fcyclomatic-complexity -MMD -MP -MF"Middlewares/Third_Party/FreeRTOS/Source/timers.d" -MT"Middlewares/Third_Party/FreeRTOS/Source/timers.o" --specs=nano.specs -mfpu=fpv4-sp-d16 -mfloat-abi=hard -mthumb -o "Middlewares/Third_Party/FreeRTOS/Source/timers.o"
arm-none-eabi-gcc "../Drivers/STM32F4xx_HAL_Driver/Src/stm32f4xx_hal.c" -mcpu=cortex-m4 -std=gnu11 -g3 -DDEBUG -DUSE_HAL_DRIVER -DSTM32F411xE -c -I../Core/Inc -I../Drivers/STM32F4xx_HAL_Driver/Inc -I"/home/kerhoas/WORKSPACE_WEB2/ROBOT_ROS_/WORKSPACE_F411_uROS/base_robot/micro_ros_stm32cubemx_utils/microros_static_library/libmicroros/microros_include" -I../Drivers/STM32F4xx_HAL_Driver/Inc/Legacy -I../Drivers/CMSIS/Device/ST/STM32F4xx/Include -I../Drivers/CMSIS/Include -I../Middlewares/Third_Party/FreeRTOS/Source/include -I../Middlewares/Third_Party/FreeRTOS/Source/CMSIS_RTOS_V2 -I../Middlewares/Third_Party/FreeRTOS/Source/portable/GCC/ARM_CM4F -O0 -ffunction-sections -fdata-sections -Wall -fstack-usage -fcyclomatic-complexity -MMD -MP -MF"Drivers/STM32F4xx_HAL_Driver/Src/stm32f4xx_hal.d" -MT"Drivers/STM32F4xx_HAL_Driver/Src/stm32f4xx_hal.o" --specs=nano.specs -mfpu=fpv4-sp-d16 -mfloat-abi=hard -mthumb -o "Drivers/STM32F4xx_HAL_Driver/Src/stm32f4xx_hal.o"
arm-none-eabi-gcc "../Drivers/STM32F4xx_HAL_Driver/Src/stm32f4xx_hal_adc.c" -mcpu=cortex-m4 -std=gnu11 -g3 -DDEBUG -DUSE_HAL_DRIVER -DSTM32F411xE -c -I../Core/Inc -I../Drivers/STM32F4xx_HAL_Driver/Inc -I"/home/kerhoas/WORKSPACE_WEB2/ROBOT_ROS_/WORKSPACE_F411_uROS/base_robot/micro_ros_stm32cubemx_utils/microros_static_library/libmicroros/microros_include" -I../Drivers/STM32F4xx_HAL_Driver/Inc/Legacy -I../Drivers/CMSIS/Device/ST/STM32F4xx/Include -I../Drivers/CMSIS/Include -I../Middlewares/Third_Party/FreeRTOS/Source/include -I../Middlewares/Third_Party/FreeRTOS/Source/CMSIS_RTOS_V2 -I../Middlewares/Third_Party/FreeRTOS/Source/portable/GCC/ARM_CM4F -O0 -ffunction-sections -fdata-sections -Wall -fstack-usage -fcyclomatic-complexity -MMD -MP -MF"Drivers/STM32F4xx_HAL_Driver/Src/stm32f4xx_hal_adc.d" -MT"Drivers/STM32F4xx_HAL_Driver/Src/stm32f4xx_hal_adc.o" --specs=nano.specs -mfpu=fpv4-sp-d16 -mfloat-abi=hard -mthumb -o "Drivers/STM32F4xx_HAL_Driver/Src/stm32f4xx_hal_adc.o"
arm-none-eabi-gcc "../Drivers/STM32F4xx_HAL_Driver/Src/stm32f4xx_hal_adc_ex.c" -mcpu=cortex-m4 -std=gnu11 -g3 -DDEBUG -DUSE_HAL_DRIVER -DSTM32F411xE -c -I../Core/Inc -I../Drivers/STM32F4xx_HAL_Driver/Inc -I"/home/kerhoas/WORKSPACE_WEB2/ROBOT_ROS_/WORKSPACE_F411_uROS/base_robot/micro_ros_stm32cubemx_utils/microros_static_library/libmicroros/microros_include" -I../Drivers/STM32F4xx_HAL_Driver/Inc/Legacy -I../Drivers/CMSIS/Device/ST/STM32F4xx/Include -I../Drivers/CMSIS/Include -I../Middlewares/Third_Party/FreeRTOS/Source/include -I../Middlewares/Third_Party/FreeRTOS/Source/CMSIS_RTOS_V2 -I../Middlewares/Third_Party/FreeRTOS/Source/portable/GCC/ARM_CM4F -O0 -ffunction-sections -fdata-sections -Wall -fstack-usage -fcyclomatic-complexity -MMD -MP -MF"Drivers/STM32F4xx_HAL_Driver/Src/stm32f4xx_hal_adc_ex.d" -MT"Drivers/STM32F4xx_HAL_Driver/Src/stm32f4xx_hal_adc_ex.o" --specs=nano.specs -mfpu=fpv4-sp-d16 -mfloat-abi=hard -mthumb -o "Drivers/STM32F4xx_HAL_Driver/Src/stm32f4xx_hal_adc_ex.o"
arm-none-eabi-gcc "../Drivers/STM32F4xx_HAL_Driver/Src/stm32f4xx_hal_cortex.c" -mcpu=cortex-m4 -std=gnu11 -g3 -DDEBUG -DUSE_HAL_DRIVER -DSTM32F411xE -c -I../Core/Inc -I../Drivers/STM32F4xx_HAL_Driver/Inc -I"/home/kerhoas/WORKSPACE_WEB2/ROBOT_ROS_/WORKSPACE_F411_uROS/base_robot/micro_ros_stm32cubemx_utils/microros_static_library/libmicroros/microros_include" -I../Drivers/STM32F4xx_HAL_Driver/Inc/Legacy -I../Drivers/CMSIS/Device/ST/STM32F4xx/Include -I../Drivers/CMSIS/Include -I../Middlewares/Third_Party/FreeRTOS/Source/include -I../Middlewares/Third_Party/FreeRTOS/Source/CMSIS_RTOS_V2 -I../Middlewares/Third_Party/FreeRTOS/Source/portable/GCC/ARM_CM4F -O0 -ffunction-sections -fdata-sections -Wall -fstack-usage -fcyclomatic-complexity -MMD -MP -MF"Drivers/STM32F4xx_HAL_Driver/Src/stm32f4xx_hal_cortex.d" -MT"Drivers/STM32F4xx_HAL_Driver/Src/stm32f4xx_hal_cortex.o" --specs=nano.specs -mfpu=fpv4-sp-d16 -mfloat-abi=hard -mthumb -o "Drivers/STM32F4xx_HAL_Driver/Src/stm32f4xx_hal_cortex.o"
arm-none-eabi-gcc "../Drivers/STM32F4xx_HAL_Driver/Src/stm32f4xx_hal_dma.c" -mcpu=cortex-m4 -std=gnu11 -g3 -DDEBUG -DUSE_HAL_DRIVER -DSTM32F411xE -c -I../Core/Inc -I../Drivers/STM32F4xx_HAL_Driver/Inc -I"/home/kerhoas/WORKSPACE_WEB2/ROBOT_ROS_/WORKSPACE_F411_uROS/base_robot/micro_ros_stm32cubemx_utils/microros_static_library/libmicroros/microros_include" -I../Drivers/STM32F4xx_HAL_Driver/Inc/Legacy -I../Drivers/CMSIS/Device/ST/STM32F4xx/Include -I../Drivers/CMSIS/Include -I../Middlewares/Third_Party/FreeRTOS/Source/include -I../Middlewares/Third_Party/FreeRTOS/Source/CMSIS_RTOS_V2 -I../Middlewares/Third_Party/FreeRTOS/Source/portable/GCC/ARM_CM4F -O0 -ffunction-sections -fdata-sections -Wall -fstack-usage -fcyclomatic-complexity -MMD -MP -MF"Drivers/STM32F4xx_HAL_Driver/Src/stm32f4xx_hal_dma.d" -MT"Drivers/STM32F4xx_HAL_Driver/Src/stm32f4xx_hal_dma.o" --specs=nano.specs -mfpu=fpv4-sp-d16 -mfloat-abi=hard -mthumb -o "Drivers/STM32F4xx_HAL_Driver/Src/stm32f4xx_hal_dma.o"
arm-none-eabi-gcc "../Drivers/STM32F4xx_HAL_Driver/Src/stm32f4xx_hal_dma_ex.c" -mcpu=cortex-m4 -std=gnu11 -g3 -DDEBUG -DUSE_HAL_DRIVER -DSTM32F411xE -c -I../Core/Inc -I../Drivers/STM32F4xx_HAL_Driver/Inc -I"/home/kerhoas/WORKSPACE_WEB2/ROBOT_ROS_/WORKSPACE_F411_uROS/base_robot/micro_ros_stm32cubemx_utils/microros_static_library/libmicroros/microros_include" -I../Drivers/STM32F4xx_HAL_Driver/Inc/Legacy -I../Drivers/CMSIS/Device/ST/STM32F4xx/Include -I../Drivers/CMSIS/Include -I../Middlewares/Third_Party/FreeRTOS/Source/include -I../Middlewares/Third_Party/FreeRTOS/Source/CMSIS_RTOS_V2 -I../Middlewares/Third_Party/FreeRTOS/Source/portable/GCC/ARM_CM4F -O0 -ffunction-sections -fdata-sections -Wall -fstack-usage -fcyclomatic-complexity -MMD -MP -MF"Drivers/STM32F4xx_HAL_Driver/Src/stm32f4xx_hal_dma_ex.d" -MT"Drivers/STM32F4xx_HAL_Driver/Src/stm32f4xx_hal_dma_ex.o" --specs=nano.specs -mfpu=fpv4-sp-d16 -mfloat-abi=hard -mthumb -o "Drivers/STM32F4xx_HAL_Driver/Src/stm32f4xx_hal_dma_ex.o"
arm-none-eabi-gcc "../Drivers/STM32F4xx_HAL_Driver/Src/stm32f4xx_hal_exti.c" -mcpu=cortex-m4 -std=gnu11 -g3 -DDEBUG -DUSE_HAL_DRIVER -DSTM32F411xE -c -I../Core/Inc -I../Drivers/STM32F4xx_HAL_Driver/Inc -I"/home/kerhoas/WORKSPACE_WEB2/ROBOT_ROS_/WORKSPACE_F411_uROS/base_robot/micro_ros_stm32cubemx_utils/microros_static_library/libmicroros/microros_include" -I../Drivers/STM32F4xx_HAL_Driver/Inc/Legacy -I../Drivers/CMSIS/Device/ST/STM32F4xx/Include -I../Drivers/CMSIS/Include -I../Middlewares/Third_Party/FreeRTOS/Source/include -I../Middlewares/Third_Party/FreeRTOS/Source/CMSIS_RTOS_V2 -I../Middlewares/Third_Party/FreeRTOS/Source/portable/GCC/ARM_CM4F -O0 -ffunction-sections -fdata-sections -Wall -fstack-usage -fcyclomatic-complexity -MMD -MP -MF"Drivers/STM32F4xx_HAL_Driver/Src/stm32f4xx_hal_exti.d" -MT"Drivers/STM32F4xx_HAL_Driver/Src/stm32f4xx_hal_exti.o" --specs=nano.specs -mfpu=fpv4-sp-d16 -mfloat-abi=hard -mthumb -o "Drivers/STM32F4xx_HAL_Driver/Src/stm32f4xx_hal_exti.o"
arm-none-eabi-gcc "../Drivers/STM32F4xx_HAL_Driver/Src/stm32f4xx_hal_flash.c" -mcpu=cortex-m4 -std=gnu11 -g3 -DDEBUG -DUSE_HAL_DRIVER -DSTM32F411xE -c -I../Core/Inc -I../Drivers/STM32F4xx_HAL_Driver/Inc -I"/home/kerhoas/WORKSPACE_WEB2/ROBOT_ROS_/WORKSPACE_F411_uROS/base_robot/micro_ros_stm32cubemx_utils/microros_static_library/libmicroros/microros_include" -I../Drivers/STM32F4xx_HAL_Driver/Inc/Legacy -I../Drivers/CMSIS/Device/ST/STM32F4xx/Include -I../Drivers/CMSIS/Include -I../Middlewares/Third_Party/FreeRTOS/Source/include -I../Middlewares/Third_Party/FreeRTOS/Source/CMSIS_RTOS_V2 -I../Middlewares/Third_Party/FreeRTOS/Source/portable/GCC/ARM_CM4F -O0 -ffunction-sections -fdata-sections -Wall -fstack-usage -fcyclomatic-complexity -MMD -MP -MF"Drivers/STM32F4xx_HAL_Driver/Src/stm32f4xx_hal_flash.d" -MT"Drivers/STM32F4xx_HAL_Driver/Src/stm32f4xx_hal_flash.o" --specs=nano.specs -mfpu=fpv4-sp-d16 -mfloat-abi=hard -mthumb -o "Drivers/STM32F4xx_HAL_Driver/Src/stm32f4xx_hal_flash.o"
arm-none-eabi-gcc "../Drivers/STM32F4xx_HAL_Driver/Src/stm32f4xx_hal_flash_ex.c" -mcpu=cortex-m4 -std=gnu11 -g3 -DDEBUG -DUSE_HAL_DRIVER -DSTM32F411xE -c -I../Core/Inc -I../Drivers/STM32F4xx_HAL_Driver/Inc -I"/home/kerhoas/WORKSPACE_WEB2/ROBOT_ROS_/WORKSPACE_F411_uROS/base_robot/micro_ros_stm32cubemx_utils/microros_static_library/libmicroros/microros_include" -I../Drivers/STM32F4xx_HAL_Driver/Inc/Legacy -I../Drivers/CMSIS/Device/ST/STM32F4xx/Include -I../Drivers/CMSIS/Include -I../Middlewares/Third_Party/FreeRTOS/Source/include -I../Middlewares/Third_Party/FreeRTOS/Source/CMSIS_RTOS_V2 -I../Middlewares/Third_Party/FreeRTOS/Source/portable/GCC/ARM_CM4F -O0 -ffunction-sections -fdata-sections -Wall -fstack-usage -fcyclomatic-complexity -MMD -MP -MF"Drivers/STM32F4xx_HAL_Driver/Src/stm32f4xx_hal_flash_ex.d" -MT"Drivers/STM32F4xx_HAL_Driver/Src/stm32f4xx_hal_flash_ex.o" --specs=nano.specs -mfpu=fpv4-sp-d16 -mfloat-abi=hard -mthumb -o "Drivers/STM32F4xx_HAL_Driver/Src/stm32f4xx_hal_flash_ex.o"
arm-none-eabi-gcc "../Drivers/STM32F4xx_HAL_Driver/Src/stm32f4xx_hal_flash_ramfunc.c" -mcpu=cortex-m4 -std=gnu11 -g3 -DDEBUG -DUSE_HAL_DRIVER -DSTM32F411xE -c -I../Core/Inc -I../Drivers/STM32F4xx_HAL_Driver/Inc -I"/home/kerhoas/WORKSPACE_WEB2/ROBOT_ROS_/WORKSPACE_F411_uROS/base_robot/micro_ros_stm32cubemx_utils/microros_static_library/libmicroros/microros_include" -I../Drivers/STM32F4xx_HAL_Driver/Inc/Legacy -I../Drivers/CMSIS/Device/ST/STM32F4xx/Include -I../Drivers/CMSIS/Include -I../Middlewares/Third_Party/FreeRTOS/Source/include -I../Middlewares/Third_Party/FreeRTOS/Source/CMSIS_RTOS_V2 -I../Middlewares/Third_Party/FreeRTOS/Source/portable/GCC/ARM_CM4F -O0 -ffunction-sections -fdata-sections -Wall -fstack-usage -fcyclomatic-complexity -MMD -MP -MF"Drivers/STM32F4xx_HAL_Driver/Src/stm32f4xx_hal_flash_ramfunc.d" -MT"Drivers/STM32F4xx_HAL_Driver/Src/stm32f4xx_hal_flash_ramfunc.o" --specs=nano.specs -mfpu=fpv4-sp-d16 -mfloat-abi=hard -mthumb -o "Drivers/STM32F4xx_HAL_Driver/Src/stm32f4xx_hal_flash_ramfunc.o"
arm-none-eabi-gcc "../Drivers/STM32F4xx_HAL_Driver/Src/stm32f4xx_hal_gpio.c" -mcpu=cortex-m4 -std=gnu11 -g3 -DDEBUG -DUSE_HAL_DRIVER -DSTM32F411xE -c -I../Core/Inc -I../Drivers/STM32F4xx_HAL_Driver/Inc -I"/home/kerhoas/WORKSPACE_WEB2/ROBOT_ROS_/WORKSPACE_F411_uROS/base_robot/micro_ros_stm32cubemx_utils/microros_static_library/libmicroros/microros_include" -I../Drivers/STM32F4xx_HAL_Driver/Inc/Legacy -I../Drivers/CMSIS/Device/ST/STM32F4xx/Include -I../Drivers/CMSIS/Include -I../Middlewares/Third_Party/FreeRTOS/Source/include -I../Middlewares/Third_Party/FreeRTOS/Source/CMSIS_RTOS_V2 -I../Middlewares/Third_Party/FreeRTOS/Source/portable/GCC/ARM_CM4F -O0 -ffunction-sections -fdata-sections -Wall -fstack-usage -fcyclomatic-complexity -MMD -MP -MF"Drivers/STM32F4xx_HAL_Driver/Src/stm32f4xx_hal_gpio.d" -MT"Drivers/STM32F4xx_HAL_Driver/Src/stm32f4xx_hal_gpio.o" --specs=nano.specs -mfpu=fpv4-sp-d16 -mfloat-abi=hard -mthumb -o "Drivers/STM32F4xx_HAL_Driver/Src/stm32f4xx_hal_gpio.o"
arm-none-eabi-gcc "../Drivers/STM32F4xx_HAL_Driver/Src/stm32f4xx_hal_i2c.c" -mcpu=cortex-m4 -std=gnu11 -g3 -DDEBUG -DUSE_HAL_DRIVER -DSTM32F411xE -c -I../Core/Inc -I../Drivers/STM32F4xx_HAL_Driver/Inc -I"/home/kerhoas/WORKSPACE_WEB2/ROBOT_ROS_/WORKSPACE_F411_uROS/base_robot/micro_ros_stm32cubemx_utils/microros_static_library/libmicroros/microros_include" -I../Drivers/STM32F4xx_HAL_Driver/Inc/Legacy -I../Drivers/CMSIS/Device/ST/STM32F4xx/Include -I../Drivers/CMSIS/Include -I../Middlewares/Third_Party/FreeRTOS/Source/include -I../Middlewares/Third_Party/FreeRTOS/Source/CMSIS_RTOS_V2 -I../Middlewares/Third_Party/FreeRTOS/Source/portable/GCC/ARM_CM4F -O0 -ffunction-sections -fdata-sections -Wall -fstack-usage -fcyclomatic-complexity -MMD -MP -MF"Drivers/STM32F4xx_HAL_Driver/Src/stm32f4xx_hal_i2c.d" -MT"Drivers/STM32F4xx_HAL_Driver/Src/stm32f4xx_hal_i2c.o" --specs=nano.specs -mfpu=fpv4-sp-d16 -mfloat-abi=hard -mthumb -o "Drivers/STM32F4xx_HAL_Driver/Src/stm32f4xx_hal_i2c.o"
arm-none-eabi-gcc "../Drivers/STM32F4xx_HAL_Driver/Src/stm32f4xx_hal_i2c_ex.c" -mcpu=cortex-m4 -std=gnu11 -g3 -DDEBUG -DUSE_HAL_DRIVER -DSTM32F411xE -c -I../Core/Inc -I../Drivers/STM32F4xx_HAL_Driver/Inc -I"/home/kerhoas/WORKSPACE_WEB2/ROBOT_ROS_/WORKSPACE_F411_uROS/base_robot/micro_ros_stm32cubemx_utils/microros_static_library/libmicroros/microros_include" -I../Drivers/STM32F4xx_HAL_Driver/Inc/Legacy -I../Drivers/CMSIS/Device/ST/STM32F4xx/Include -I../Drivers/CMSIS/Include -I../Middlewares/Third_Party/FreeRTOS/Source/include -I../Middlewares/Third_Party/FreeRTOS/Source/CMSIS_RTOS_V2 -I../Middlewares/Third_Party/FreeRTOS/Source/portable/GCC/ARM_CM4F -O0 -ffunction-sections -fdata-sections -Wall -fstack-usage -fcyclomatic-complexity -MMD -MP -MF"Drivers/STM32F4xx_HAL_Driver/Src/stm32f4xx_hal_i2c_ex.d" -MT"Drivers/STM32F4xx_HAL_Driver/Src/stm32f4xx_hal_i2c_ex.o" --specs=nano.specs -mfpu=fpv4-sp-d16 -mfloat-abi=hard -mthumb -o "Drivers/STM32F4xx_HAL_Driver/Src/stm32f4xx_hal_i2c_ex.o"
arm-none-eabi-gcc "../Drivers/STM32F4xx_HAL_Driver/Src/stm32f4xx_hal_pwr.c" -mcpu=cortex-m4 -std=gnu11 -g3 -DDEBUG -DUSE_HAL_DRIVER -DSTM32F411xE -c -I../Core/Inc -I../Drivers/STM32F4xx_HAL_Driver/Inc -I"/home/kerhoas/WORKSPACE_WEB2/ROBOT_ROS_/WORKSPACE_F411_uROS/base_robot/micro_ros_stm32cubemx_utils/microros_static_library/libmicroros/microros_include" -I../Drivers/STM32F4xx_HAL_Driver/Inc/Legacy -I../Drivers/CMSIS/Device/ST/STM32F4xx/Include -I../Drivers/CMSIS/Include -I../Middlewares/Third_Party/FreeRTOS/Source/include -I../Middlewares/Third_Party/FreeRTOS/Source/CMSIS_RTOS_V2 -I../Middlewares/Third_Party/FreeRTOS/Source/portable/GCC/ARM_CM4F -O0 -ffunction-sections -fdata-sections -Wall -fstack-usage -fcyclomatic-complexity -MMD -MP -MF"Drivers/STM32F4xx_HAL_Driver/Src/stm32f4xx_hal_pwr.d" -MT"Drivers/STM32F4xx_HAL_Driver/Src/stm32f4xx_hal_pwr.o" --specs=nano.specs -mfpu=fpv4-sp-d16 -mfloat-abi=hard -mthumb -o "Drivers/STM32F4xx_HAL_Driver/Src/stm32f4xx_hal_pwr.o"
arm-none-eabi-gcc "../Drivers/STM32F4xx_HAL_Driver/Src/stm32f4xx_hal_pwr_ex.c" -mcpu=cortex-m4 -std=gnu11 -g3 -DDEBUG -DUSE_HAL_DRIVER -DSTM32F411xE -c -I../Core/Inc -I../Drivers/STM32F4xx_HAL_Driver/Inc -I"/home/kerhoas/WORKSPACE_WEB2/ROBOT_ROS_/WORKSPACE_F411_uROS/base_robot/micro_ros_stm32cubemx_utils/microros_static_library/libmicroros/microros_include" -I../Drivers/STM32F4xx_HAL_Driver/Inc/Legacy -I../Drivers/CMSIS/Device/ST/STM32F4xx/Include -I../Drivers/CMSIS/Include -I../Middlewares/Third_Party/FreeRTOS/Source/include -I../Middlewares/Third_Party/FreeRTOS/Source/CMSIS_RTOS_V2 -I../Middlewares/Third_Party/FreeRTOS/Source/portable/GCC/ARM_CM4F -O0 -ffunction-sections -fdata-sections -Wall -fstack-usage -fcyclomatic-complexity -MMD -MP -MF"Drivers/STM32F4xx_HAL_Driver/Src/stm32f4xx_hal_pwr_ex.d" -MT"Drivers/STM32F4xx_HAL_Driver/Src/stm32f4xx_hal_pwr_ex.o" --specs=nano.specs -mfpu=fpv4-sp-d16 -mfloat-abi=hard -mthumb -o "Drivers/STM32F4xx_HAL_Driver/Src/stm32f4xx_hal_pwr_ex.o"
arm-none-eabi-gcc "../Drivers/STM32F4xx_HAL_Driver/Src/stm32f4xx_hal_rcc.c" -mcpu=cortex-m4 -std=gnu11 -g3 -DDEBUG -DUSE_HAL_DRIVER -DSTM32F411xE -c -I../Core/Inc -I../Drivers/STM32F4xx_HAL_Driver/Inc -I"/home/kerhoas/WORKSPACE_WEB2/ROBOT_ROS_/WORKSPACE_F411_uROS/base_robot/micro_ros_stm32cubemx_utils/microros_static_library/libmicroros/microros_include" -I../Drivers/STM32F4xx_HAL_Driver/Inc/Legacy -I../Drivers/CMSIS/Device/ST/STM32F4xx/Include -I../Drivers/CMSIS/Include -I../Middlewares/Third_Party/FreeRTOS/Source/include -I../Middlewares/Third_Party/FreeRTOS/Source/CMSIS_RTOS_V2 -I../Middlewares/Third_Party/FreeRTOS/Source/portable/GCC/ARM_CM4F -O0 -ffunction-sections -fdata-sections -Wall -fstack-usage -fcyclomatic-complexity -MMD -MP -MF"Drivers/STM32F4xx_HAL_Driver/Src/stm32f4xx_hal_rcc.d" -MT"Drivers/STM32F4xx_HAL_Driver/Src/stm32f4xx_hal_rcc.o" --specs=nano.specs -mfpu=fpv4-sp-d16 -mfloat-abi=hard -mthumb -o "Drivers/STM32F4xx_HAL_Driver/Src/stm32f4xx_hal_rcc.o"
arm-none-eabi-gcc "../Drivers/STM32F4xx_HAL_Driver/Src/stm32f4xx_hal_rcc_ex.c" -mcpu=cortex-m4 -std=gnu11 -g3 -DDEBUG -DUSE_HAL_DRIVER -DSTM32F411xE -c -I../Core/Inc -I../Drivers/STM32F4xx_HAL_Driver/Inc -I"/home/kerhoas/WORKSPACE_WEB2/ROBOT_ROS_/WORKSPACE_F411_uROS/base_robot/micro_ros_stm32cubemx_utils/microros_static_library/libmicroros/microros_include" -I../Drivers/STM32F4xx_HAL_Driver/Inc/Legacy -I../Drivers/CMSIS/Device/ST/STM32F4xx/Include -I../Drivers/CMSIS/Include -I../Middlewares/Third_Party/FreeRTOS/Source/include -I../Middlewares/Third_Party/FreeRTOS/Source/CMSIS_RTOS_V2 -I../Middlewares/Third_Party/FreeRTOS/Source/portable/GCC/ARM_CM4F -O0 -ffunction-sections -fdata-sections -Wall -fstack-usage -fcyclomatic-complexity -MMD -MP -MF"Drivers/STM32F4xx_HAL_Driver/Src/stm32f4xx_hal_rcc_ex.d" -MT"Drivers/STM32F4xx_HAL_Driver/Src/stm32f4xx_hal_rcc_ex.o" --specs=nano.specs -mfpu=fpv4-sp-d16 -mfloat-abi=hard -mthumb -o "Drivers/STM32F4xx_HAL_Driver/Src/stm32f4xx_hal_rcc_ex.o"
arm-none-eabi-gcc "../Drivers/STM32F4xx_HAL_Driver/Src/stm32f4xx_hal_tim.c" -mcpu=cortex-m4 -std=gnu11 -g3 -DDEBUG -DUSE_HAL_DRIVER -DSTM32F411xE -c -I../Core/Inc -I../Drivers/STM32F4xx_HAL_Driver/Inc -I"/home/kerhoas/WORKSPACE_WEB2/ROBOT_ROS_/WORKSPACE_F411_uROS/base_robot/micro_ros_stm32cubemx_utils/microros_static_library/libmicroros/microros_include" -I../Drivers/STM32F4xx_HAL_Driver/Inc/Legacy -I../Drivers/CMSIS/Device/ST/STM32F4xx/Include -I../Drivers/CMSIS/Include -I../Middlewares/Third_Party/FreeRTOS/Source/include -I../Middlewares/Third_Party/FreeRTOS/Source/CMSIS_RTOS_V2 -I../Middlewares/Third_Party/FreeRTOS/Source/portable/GCC/ARM_CM4F -O0 -ffunction-sections -fdata-sections -Wall -fstack-usage -fcyclomatic-complexity -MMD -MP -MF"Drivers/STM32F4xx_HAL_Driver/Src/stm32f4xx_hal_tim.d" -MT"Drivers/STM32F4xx_HAL_Driver/Src/stm32f4xx_hal_tim.o" --specs=nano.specs -mfpu=fpv4-sp-d16 -mfloat-abi=hard -mthumb -o "Drivers/STM32F4xx_HAL_Driver/Src/stm32f4xx_hal_tim.o"
arm-none-eabi-gcc "../Drivers/STM32F4xx_HAL_Driver/Src/stm32f4xx_hal_tim_ex.c" -mcpu=cortex-m4 -std=gnu11 -g3 -DDEBUG -DUSE_HAL_DRIVER -DSTM32F411xE -c -I../Core/Inc -I../Drivers/STM32F4xx_HAL_Driver/Inc -I"/home/kerhoas/WORKSPACE_WEB2/ROBOT_ROS_/WORKSPACE_F411_uROS/base_robot/micro_ros_stm32cubemx_utils/microros_static_library/libmicroros/microros_include" -I../Drivers/STM32F4xx_HAL_Driver/Inc/Legacy -I../Drivers/CMSIS/Device/ST/STM32F4xx/Include -I../Drivers/CMSIS/Include -I../Middlewares/Third_Party/FreeRTOS/Source/include -I../Middlewares/Third_Party/FreeRTOS/Source/CMSIS_RTOS_V2 -I../Middlewares/Third_Party/FreeRTOS/Source/portable/GCC/ARM_CM4F -O0 -ffunction-sections -fdata-sections -Wall -fstack-usage -fcyclomatic-complexity -MMD -MP -MF"Drivers/STM32F4xx_HAL_Driver/Src/stm32f4xx_hal_tim_ex.d" -MT"Drivers/STM32F4xx_HAL_Driver/Src/stm32f4xx_hal_tim_ex.o" --specs=nano.specs -mfpu=fpv4-sp-d16 -mfloat-abi=hard -mthumb -o "Drivers/STM32F4xx_HAL_Driver/Src/stm32f4xx_hal_tim_ex.o"
arm-none-eabi-gcc "../Drivers/STM32F4xx_HAL_Driver/Src/stm32f4xx_hal_uart.c" -mcpu=cortex-m4 -std=gnu11 -g3 -DDEBUG -DUSE_HAL_DRIVER -DSTM32F411xE -c -I../Core/Inc -I../Drivers/STM32F4xx_HAL_Driver/Inc -I"/home/kerhoas/WORKSPACE_WEB2/ROBOT_ROS_/WORKSPACE_F411_uROS/base_robot/micro_ros_stm32cubemx_utils/microros_static_library/libmicroros/microros_include" -I../Drivers/STM32F4xx_HAL_Driver/Inc/Legacy -I../Drivers/CMSIS/Device/ST/STM32F4xx/Include -I../Drivers/CMSIS/Include -I../Middlewares/Third_Party/FreeRTOS/Source/include -I../Middlewares/Third_Party/FreeRTOS/Source/CMSIS_RTOS_V2 -I../Middlewares/Third_Party/FreeRTOS/Source/portable/GCC/ARM_CM4F -O0 -ffunction-sections -fdata-sections -Wall -fstack-usage -fcyclomatic-complexity -MMD -MP -MF"Drivers/STM32F4xx_HAL_Driver/Src/stm32f4xx_hal_uart.d" -MT"Drivers/STM32F4xx_HAL_Driver/Src/stm32f4xx_hal_uart.o" --specs=nano.specs -mfpu=fpv4-sp-d16 -mfloat-abi=hard -mthumb -o "Drivers/STM32F4xx_HAL_Driver/Src/stm32f4xx_hal_uart.o"
arm-none-eabi-gcc -mcpu=cortex-m4 -g3 -DDEBUG -c -x assembler-with-cpp -MMD -MP -MF"Core/Startup/startup_stm32f411retx.d" -MT"Core/Startup/startup_stm32f411retx.o" --specs=nano.specs -mfpu=fpv4-sp-d16 -mfloat-abi=hard -mthumb -o "Core/Startup/startup_stm32f411retx.o" "../Core/Startup/startup_stm32f411retx.s"
arm-none-eabi-gcc "../Core/Src/VL53L0X.c" -mcpu=cortex-m4 -std=gnu11 -g3 -DDEBUG -DUSE_HAL_DRIVER -DSTM32F411xE -c -I../Core/Inc -I../Drivers/STM32F4xx_HAL_Driver/Inc -I"/home/kerhoas/WORKSPACE_WEB2/ROBOT_ROS_/WORKSPACE_F411_uROS/base_robot/micro_ros_stm32cubemx_utils/microros_static_library/libmicroros/microros_include" -I../Drivers/STM32F4xx_HAL_Driver/Inc/Legacy -I../Drivers/CMSIS/Device/ST/STM32F4xx/Include -I../Drivers/CMSIS/Include -I../Middlewares/Third_Party/FreeRTOS/Source/include -I../Middlewares/Third_Party/FreeRTOS/Source/CMSIS_RTOS_V2 -I../Middlewares/Third_Party/FreeRTOS/Source/portable/GCC/ARM_CM4F -O0 -ffunction-sections -fdata-sections -Wall -fstack-usage -fcyclomatic-complexity -MMD -MP -MF"Core/Src/VL53L0X.d" -MT"Core/Src/VL53L0X.o" --specs=nano.specs -mfpu=fpv4-sp-d16 -mfloat-abi=hard -mthumb -o "Core/Src/VL53L0X.o"
arm-none-eabi-gcc "../Core/Src/captDistIR.c" -mcpu=cortex-m4 -std=gnu11 -g3 -DDEBUG -DUSE_HAL_DRIVER -DSTM32F411xE -c -I../Core/Inc -I../Drivers/STM32F4xx_HAL_Driver/Inc -I"/home/kerhoas/WORKSPACE_WEB2/ROBOT_ROS_/WORKSPACE_F411_uROS/base_robot/micro_ros_stm32cubemx_utils/microros_static_library/libmicroros/microros_include" -I../Drivers/STM32F4xx_HAL_Driver/Inc/Legacy -I../Drivers/CMSIS/Device/ST/STM32F4xx/Include -I../Drivers/CMSIS/Include -I../Middlewares/Third_Party/FreeRTOS/Source/include -I../Middlewares/Third_Party/FreeRTOS/Source/CMSIS_RTOS_V2 -I../Middlewares/Third_Party/FreeRTOS/Source/portable/GCC/ARM_CM4F -O0 -ffunction-sections -fdata-sections -Wall -fstack-usage -fcyclomatic-complexity -MMD -MP -MF"Core/Src/captDistIR.d" -MT"Core/Src/captDistIR.o" --specs=nano.specs -mfpu=fpv4-sp-d16 -mfloat-abi=hard -mthumb -o "Core/Src/captDistIR.o"
arm-none-eabi-gcc "../Core/Src/custom_memory_manager.c" -mcpu=cortex-m4 -std=gnu11 -g3 -DDEBUG -DUSE_HAL_DRIVER -DSTM32F411xE -c -I../Core/Inc -I../Drivers/STM32F4xx_HAL_Driver/Inc -I"/home/kerhoas/WORKSPACE_WEB2/ROBOT_ROS_/WORKSPACE_F411_uROS/base_robot/micro_ros_stm32cubemx_utils/microros_static_library/libmicroros/microros_include" -I../Drivers/STM32F4xx_HAL_Driver/Inc/Legacy -I../Drivers/CMSIS/Device/ST/STM32F4xx/Include -I../Drivers/CMSIS/Include -I../Middlewares/Third_Party/FreeRTOS/Source/include -I../Middlewares/Third_Party/FreeRTOS/Source/CMSIS_RTOS_V2 -I../Middlewares/Third_Party/FreeRTOS/Source/portable/GCC/ARM_CM4F -O0 -ffunction-sections -fdata-sections -Wall -fstack-usage -fcyclomatic-complexity -MMD -MP -MF"Core/Src/custom_memory_manager.d" -MT"Core/Src/custom_memory_manager.o" --specs=nano.specs -mfpu=fpv4-sp-d16 -mfloat-abi=hard -mthumb -o "Core/Src/custom_memory_manager.o"
arm-none-eabi-gcc "../Core/Src/dma_transport.c" -mcpu=cortex-m4 -std=gnu11 -g3 -DDEBUG -DUSE_HAL_DRIVER -DSTM32F411xE -c -I../Core/Inc -I../Drivers/STM32F4xx_HAL_Driver/Inc -I"/home/kerhoas/WORKSPACE_WEB2/ROBOT_ROS_/WORKSPACE_F411_uROS/base_robot/micro_ros_stm32cubemx_utils/microros_static_library/libmicroros/microros_include" -I../Drivers/STM32F4xx_HAL_Driver/Inc/Legacy -I../Drivers/CMSIS/Device/ST/STM32F4xx/Include -I../Drivers/CMSIS/Include -I../Middlewares/Third_Party/FreeRTOS/Source/include -I../Middlewares/Third_Party/FreeRTOS/Source/CMSIS_RTOS_V2 -I../Middlewares/Third_Party/FreeRTOS/Source/portable/GCC/ARM_CM4F -O0 -ffunction-sections -fdata-sections -Wall -fstack-usage -fcyclomatic-complexity -MMD -MP -MF"Core/Src/dma_transport.d" -MT"Core/Src/dma_transport.o" --specs=nano.specs -mfpu=fpv4-sp-d16 -mfloat-abi=hard -mthumb -o "Core/Src/dma_transport.o"
arm-none-eabi-gcc "../Core/Src/drv_gpio.c" -mcpu=cortex-m4 -std=gnu11 -g3 -DDEBUG -DUSE_HAL_DRIVER -DSTM32F411xE -c -I../Core/Inc -I../Drivers/STM32F4xx_HAL_Driver/Inc -I"/home/kerhoas/WORKSPACE_WEB2/ROBOT_ROS_/WORKSPACE_F411_uROS/base_robot/micro_ros_stm32cubemx_utils/microros_static_library/libmicroros/microros_include" -I../Drivers/STM32F4xx_HAL_Driver/Inc/Legacy -I../Drivers/CMSIS/Device/ST/STM32F4xx/Include -I../Drivers/CMSIS/Include -I../Middlewares/Third_Party/FreeRTOS/Source/include -I../Middlewares/Third_Party/FreeRTOS/Source/CMSIS_RTOS_V2 -I../Middlewares/Third_Party/FreeRTOS/Source/portable/GCC/ARM_CM4F -O0 -ffunction-sections -fdata-sections -Wall -fstack-usage -fcyclomatic-complexity -MMD -MP -MF"Core/Src/drv_gpio.d" -MT"Core/Src/drv_gpio.o" --specs=nano.specs -mfpu=fpv4-sp-d16 -mfloat-abi=hard -mthumb -o "Core/Src/drv_gpio.o"
arm-none-eabi-gcc "../Core/Src/drv_i2c.c" -mcpu=cortex-m4 -std=gnu11 -g3 -DDEBUG -DUSE_HAL_DRIVER -DSTM32F411xE -c -I../Core/Inc -I../Drivers/STM32F4xx_HAL_Driver/Inc -I"/home/kerhoas/WORKSPACE_WEB2/ROBOT_ROS_/WORKSPACE_F411_uROS/base_robot/micro_ros_stm32cubemx_utils/microros_static_library/libmicroros/microros_include" -I../Drivers/STM32F4xx_HAL_Driver/Inc/Legacy -I../Drivers/CMSIS/Device/ST/STM32F4xx/Include -I../Drivers/CMSIS/Include -I../Middlewares/Third_Party/FreeRTOS/Source/include -I../Middlewares/Third_Party/FreeRTOS/Source/CMSIS_RTOS_V2 -I../Middlewares/Third_Party/FreeRTOS/Source/portable/GCC/ARM_CM4F -O0 -ffunction-sections -fdata-sections -Wall -fstack-usage -fcyclomatic-complexity -MMD -MP -MF"Core/Src/drv_i2c.d" -MT"Core/Src/drv_i2c.o" --specs=nano.specs -mfpu=fpv4-sp-d16 -mfloat-abi=hard -mthumb -o "Core/Src/drv_i2c.o"
arm-none-eabi-gcc "../Core/Src/drv_uart.c" -mcpu=cortex-m4 -std=gnu11 -g3 -DDEBUG -DUSE_HAL_DRIVER -DSTM32F411xE -c -I../Core/Inc -I../Drivers/STM32F4xx_HAL_Driver/Inc -I"/home/kerhoas/WORKSPACE_WEB2/ROBOT_ROS_/WORKSPACE_F411_uROS/base_robot/micro_ros_stm32cubemx_utils/microros_static_library/libmicroros/microros_include" -I../Drivers/STM32F4xx_HAL_Driver/Inc/Legacy -I../Drivers/CMSIS/Device/ST/STM32F4xx/Include -I../Drivers/CMSIS/Include -I../Middlewares/Third_Party/FreeRTOS/Source/include -I../Middlewares/Third_Party/FreeRTOS/Source/CMSIS_RTOS_V2 -I../Middlewares/Third_Party/FreeRTOS/Source/portable/GCC/ARM_CM4F -O0 -ffunction-sections -fdata-sections -Wall -fstack-usage -fcyclomatic-complexity -MMD -MP -MF"Core/Src/drv_uart.d" -MT"Core/Src/drv_uart.o" --specs=nano.specs -mfpu=fpv4-sp-d16 -mfloat-abi=hard -mthumb -o "Core/Src/drv_uart.o"
arm-none-eabi-gcc "../Core/Src/freertos.c" -mcpu=cortex-m4 -std=gnu11 -g3 -DDEBUG -DUSE_HAL_DRIVER -DSTM32F411xE -c -I../Core/Inc -I../Drivers/STM32F4xx_HAL_Driver/Inc -I"/home/kerhoas/WORKSPACE_WEB2/ROBOT_ROS_/WORKSPACE_F411_uROS/base_robot/micro_ros_stm32cubemx_utils/microros_static_library/libmicroros/microros_include" -I../Drivers/STM32F4xx_HAL_Driver/Inc/Legacy -I../Drivers/CMSIS/Device/ST/STM32F4xx/Include -I../Drivers/CMSIS/Include -I../Middlewares/Third_Party/FreeRTOS/Source/include -I../Middlewares/Third_Party/FreeRTOS/Source/CMSIS_RTOS_V2 -I../Middlewares/Third_Party/FreeRTOS/Source/portable/GCC/ARM_CM4F -O0 -ffunction-sections -fdata-sections -Wall -fstack-usage -fcyclomatic-complexity -MMD -MP -MF"Core/Src/freertos.d" -MT"Core/Src/freertos.o" --specs=nano.specs -mfpu=fpv4-sp-d16 -mfloat-abi=hard -mthumb -o "Core/Src/freertos.o"
arm-none-eabi-gcc "../Core/Src/groveLCD.c" -mcpu=cortex-m4 -std=gnu11 -g3 -DDEBUG -DUSE_HAL_DRIVER -DSTM32F411xE -c -I../Core/Inc -I../Drivers/STM32F4xx_HAL_Driver/Inc -I"/home/kerhoas/WORKSPACE_WEB2/ROBOT_ROS_/WORKSPACE_F411_uROS/base_robot/micro_ros_stm32cubemx_utils/microros_static_library/libmicroros/microros_include" -I../Drivers/STM32F4xx_HAL_Driver/Inc/Legacy -I../Drivers/CMSIS/Device/ST/STM32F4xx/Include -I../Drivers/CMSIS/Include -I../Middlewares/Third_Party/FreeRTOS/Source/include -I../Middlewares/Third_Party/FreeRTOS/Source/CMSIS_RTOS_V2 -I../Middlewares/Third_Party/FreeRTOS/Source/portable/GCC/ARM_CM4F -O0 -ffunction-sections -fdata-sections -Wall -fstack-usage -fcyclomatic-complexity -MMD -MP -MF"Core/Src/groveLCD.d" -MT"Core/Src/groveLCD.o" --specs=nano.specs -mfpu=fpv4-sp-d16 -mfloat-abi=hard -mthumb -o "Core/Src/groveLCD.o"
arm-none-eabi-gcc "../Core/Src/main.c" -mcpu=cortex-m4 -std=gnu11 -g3 -DDEBUG -DUSE_HAL_DRIVER -DSTM32F411xE -c -I../Core/Inc -I../Drivers/STM32F4xx_HAL_Driver/Inc -I"/home/kerhoas/WORKSPACE_WEB2/ROBOT_ROS_/WORKSPACE_F411_uROS/base_robot/micro_ros_stm32cubemx_utils/microros_static_library/libmicroros/microros_include" -I../Drivers/STM32F4xx_HAL_Driver/Inc/Legacy -I../Drivers/CMSIS/Device/ST/STM32F4xx/Include -I../Drivers/CMSIS/Include -I../Middlewares/Third_Party/FreeRTOS/Source/include -I../Middlewares/Third_Party/FreeRTOS/Source/CMSIS_RTOS_V2 -I../Middlewares/Third_Party/FreeRTOS/Source/portable/GCC/ARM_CM4F -O0 -ffunction-sections -fdata-sections -Wall -fstack-usage -fcyclomatic-complexity -MMD -MP -MF"Core/Src/main.d" -MT"Core/Src/main.o" --specs=nano.specs -mfpu=fpv4-sp-d16 -mfloat-abi=hard -mthumb -o "Core/Src/main.o"
arm-none-eabi-gcc "../Core/Src/microros_allocators.c" -mcpu=cortex-m4 -std=gnu11 -g3 -DDEBUG -DUSE_HAL_DRIVER -DSTM32F411xE -c -I../Core/Inc -I../Drivers/STM32F4xx_HAL_Driver/Inc -I"/home/kerhoas/WORKSPACE_WEB2/ROBOT_ROS_/WORKSPACE_F411_uROS/base_robot/micro_ros_stm32cubemx_utils/microros_static_library/libmicroros/microros_include" -I../Drivers/STM32F4xx_HAL_Driver/Inc/Legacy -I../Drivers/CMSIS/Device/ST/STM32F4xx/Include -I../Drivers/CMSIS/Include -I../Middlewares/Third_Party/FreeRTOS/Source/include -I../Middlewares/Third_Party/FreeRTOS/Source/CMSIS_RTOS_V2 -I../Middlewares/Third_Party/FreeRTOS/Source/portable/GCC/ARM_CM4F -O0 -ffunction-sections -fdata-sections -Wall -fstack-usage -fcyclomatic-complexity -MMD -MP -MF"Core/Src/microros_allocators.d" -MT"Core/Src/microros_allocators.o" --specs=nano.specs -mfpu=fpv4-sp-d16 -mfloat-abi=hard -mthumb -o "Core/Src/microros_allocators.o"
arm-none-eabi-gcc "../Core/Src/microros_time.c" -mcpu=cortex-m4 -std=gnu11 -g3 -DDEBUG -DUSE_HAL_DRIVER -DSTM32F411xE -c -I../Core/Inc -I../Drivers/STM32F4xx_HAL_Driver/Inc -I"/home/kerhoas/WORKSPACE_WEB2/ROBOT_ROS_/WORKSPACE_F411_uROS/base_robot/micro_ros_stm32cubemx_utils/microros_static_library/libmicroros/microros_include" -I../Drivers/STM32F4xx_HAL_Driver/Inc/Legacy -I../Drivers/CMSIS/Device/ST/STM32F4xx/Include -I../Drivers/CMSIS/Include -I../Middlewares/Third_Party/FreeRTOS/Source/include -I../Middlewares/Third_Party/FreeRTOS/Source/CMSIS_RTOS_V2 -I../Middlewares/Third_Party/FreeRTOS/Source/portable/GCC/ARM_CM4F -O0 -ffunction-sections -fdata-sections -Wall -fstack-usage -fcyclomatic-complexity -MMD -MP -MF"Core/Src/microros_time.d" -MT"Core/Src/microros_time.o" --specs=nano.specs -mfpu=fpv4-sp-d16 -mfloat-abi=hard -mthumb -o "Core/Src/microros_time.o"
../Core/Src/groveLCD.c: In function 'groveLCD_test':
../Core/Src/groveLCD.c:23:46: warning: pointer targets in passing argument 3 of 'i2c1_WriteRegBuffer' differ in signedness [-Wpointer-sign]
   23 |   i2c1_WriteRegBuffer(RGB_ADDRESS, REG_RED,  tab, 1);
      |                                              ^~~
      |                                              |
      |                                              int8_t * {aka signed char *}
In file included from ../Core/Inc/main.h:90,
                 from ../Core/Inc/groveLCD.h:10,
                 from ../Core/Src/groveLCD.c:8:
../Core/Inc/drv_i2c.h:23:73: note: expected 'uint8_t *' {aka 'unsigned char *'} but argument is of type 'int8_t *' {aka 'signed char *'}
   23 | int i2c1_WriteRegBuffer(uint16_t addrSlave, uint8_t  regAddr,  uint8_t *data, int n_data);
      |                                                                ~~~~~~~~~^~~~
arm-none-eabi-gcc "../Core/Src/motorCommand.c" -mcpu=cortex-m4 -std=gnu11 -g3 -DDEBUG -DUSE_HAL_DRIVER -DSTM32F411xE -c -I../Core/Inc -I../Drivers/STM32F4xx_HAL_Driver/Inc -I"/home/kerhoas/WORKSPACE_WEB2/ROBOT_ROS_/WORKSPACE_F411_uROS/base_robot/micro_ros_stm32cubemx_utils/microros_static_library/libmicroros/microros_include" -I../Drivers/STM32F4xx_HAL_Driver/Inc/Legacy -I../Drivers/CMSIS/Device/ST/STM32F4xx/Include -I../Drivers/CMSIS/Include -I../Middlewares/Third_Party/FreeRTOS/Source/include -I../Middlewares/Third_Party/FreeRTOS/Source/CMSIS_RTOS_V2 -I../Middlewares/Third_Party/FreeRTOS/Source/portable/GCC/ARM_CM4F -O0 -ffunction-sections -fdata-sections -Wall -fstack-usage -fcyclomatic-complexity -MMD -MP -MF"Core/Src/motorCommand.d" -MT"Core/Src/motorCommand.o" --specs=nano.specs -mfpu=fpv4-sp-d16 -mfloat-abi=hard -mthumb -o "Core/Src/motorCommand.o"
../Core/Src/main.c: In function 'subscription_callback':
../Core/Src/main.c:253:32: warning: format '%s' expects argument of type 'char *', but argument 2 has type 'rosidl_runtime_c__String' [-Wformat=]
  253 |   printf("Received from HOST: %s\n\r", msg->data);
      |                               ~^       ~~~~~~~~~
      |                                |          |
      |                                char *     rosidl_runtime_c__String
arm-none-eabi-gcc "../Core/Src/quadEncoder.c" -mcpu=cortex-m4 -std=gnu11 -g3 -DDEBUG -DUSE_HAL_DRIVER -DSTM32F411xE -c -I../Core/Inc -I../Drivers/STM32F4xx_HAL_Driver/Inc -I"/home/kerhoas/WORKSPACE_WEB2/ROBOT_ROS_/WORKSPACE_F411_uROS/base_robot/micro_ros_stm32cubemx_utils/microros_static_library/libmicroros/microros_include" -I../Drivers/STM32F4xx_HAL_Driver/Inc/Legacy -I../Drivers/CMSIS/Device/ST/STM32F4xx/Include -I../Drivers/CMSIS/Include -I../Middlewares/Third_Party/FreeRTOS/Source/include -I../Middlewares/Third_Party/FreeRTOS/Source/CMSIS_RTOS_V2 -I../Middlewares/Third_Party/FreeRTOS/Source/portable/GCC/ARM_CM4F -O0 -ffunction-sections -fdata-sections -Wall -fstack-usage -fcyclomatic-complexity -MMD -MP -MF"Core/Src/quadEncoder.d" -MT"Core/Src/quadEncoder.o" --specs=nano.specs -mfpu=fpv4-sp-d16 -mfloat-abi=hard -mthumb -o "Core/Src/quadEncoder.o"
../Core/Src/main.c: In function 'microros_task':
../Core/Src/main.c:304:74: error: 'msg' undeclared (first use in this function)
  304 |   rcl_ret_t rc = rclc_executor_add_subscription(&executor, &subscriber, &msg,&subscription_callback, ON_NEW_DATA);
      |                                                                          ^~~
../Core/Src/main.c:304:74: note: each undeclared identifier is reported only once for each function it appears in
../Core/Src/main.c:310:12: warning: unused variable 'counter' [-Wunused-variable]
  310 | static int counter = 0;
      |            ^~~~~~~
../Core/Src/main.c:304:13: warning: unused variable 'rc' [-Wunused-variable]
  304 |   rcl_ret_t rc = rclc_executor_add_subscription(&executor, &subscriber, &msg,&subscription_callback, ON_NEW_DATA);
      |             ^~
../Core/Src/main.c:287:22: warning: unused variable 'node_ops' [-Wunused-variable]
  287 |   rcl_node_options_t node_ops = rcl_node_get_default_options();
      |                      ^~~~~~~~
../Core/Src/main.c:282:25: warning: unused variable 'command_move_msg' [-Wunused-variable]
  282 |   std_msgs__msg__String command_move_msg;
      |                         ^~~~~~~~~~~~~~~~
../Core/Src/main.c:281:22: warning: unused variable 'command_move_sub' [-Wunused-variable]
  281 |   rcl_subscription_t command_move_sub;
      |                      ^~~~~~~~~~~~~~~~
../Core/Src/main.c:289:3: warning: ignoring return value of 'rcl_init_options_init' declared with attribute 'warn_unused_result' [-Wunused-result]
  289 |   rcl_init_options_init(&init_options, allocator);
      |   ^~~~~~~~~~~~~~~~~~~~~~~~~~~~~~~~~~~~~~~~~~~~~~~
../Core/Src/main.c:290:3: warning: ignoring return value of 'rcl_init_options_set_domain_id' declared with attribute 'warn_unused_result' [-Wunused-result]
  290 |   rcl_init_options_set_domain_id(&init_options, ROS_DOMAIN_ID);
      |   ^~~~~~~~~~~~~~~~~~~~~~~~~~~~~~~~~~~~~~~~~~~~~~~~~~~~~~~~~~~~
At top level:
../Core/Src/main.c:310:12: warning: 'counter' defined but not used [-Wunused-variable]
  310 | static int counter = 0;
      |            ^~~~~~~
make: *** [Core/Src/subdir.mk:82: Core/Src/main.o] Error 1
make: *** Waiting for unfinished jobs....
"make -j8 all" terminated with exit code 2. Build might be incomplete.
17:19:31 **** Incremental Build of configuration Debug for project base_robot ****
make -j8 all 
arm-none-eabi-gcc "../Core/Src/main.c" -mcpu=cortex-m4 -std=gnu11 -g3 -DDEBUG -DUSE_HAL_DRIVER -DSTM32F411xE -c -I../Core/Inc -I../Drivers/STM32F4xx_HAL_Driver/Inc -I"/home/kerhoas/WORKSPACE_WEB2/ROBOT_ROS_/WORKSPACE_F411_uROS/base_robot/micro_ros_stm32cubemx_utils/microros_static_library/libmicroros/microros_include" -I../Drivers/STM32F4xx_HAL_Driver/Inc/Legacy -I../Drivers/CMSIS/Device/ST/STM32F4xx/Include -I../Drivers/CMSIS/Include -I../Middlewares/Third_Party/FreeRTOS/Source/include -I../Middlewares/Third_Party/FreeRTOS/Source/CMSIS_RTOS_V2 -I../Middlewares/Third_Party/FreeRTOS/Source/portable/GCC/ARM_CM4F -O0 -ffunction-sections -fdata-sections -Wall -fstack-usage -fcyclomatic-complexity -MMD -MP -MF"Core/Src/main.d" -MT"Core/Src/main.o" --specs=nano.specs -mfpu=fpv4-sp-d16 -mfloat-abi=hard -mthumb -o "Core/Src/main.o"
arm-none-eabi-gcc "../Core/Src/stm32f4xx_hal_msp.c" -mcpu=cortex-m4 -std=gnu11 -g3 -DDEBUG -DUSE_HAL_DRIVER -DSTM32F411xE -c -I../Core/Inc -I../Drivers/STM32F4xx_HAL_Driver/Inc -I"/home/kerhoas/WORKSPACE_WEB2/ROBOT_ROS_/WORKSPACE_F411_uROS/base_robot/micro_ros_stm32cubemx_utils/microros_static_library/libmicroros/microros_include" -I../Drivers/STM32F4xx_HAL_Driver/Inc/Legacy -I../Drivers/CMSIS/Device/ST/STM32F4xx/Include -I../Drivers/CMSIS/Include -I../Middlewares/Third_Party/FreeRTOS/Source/include -I../Middlewares/Third_Party/FreeRTOS/Source/CMSIS_RTOS_V2 -I../Middlewares/Third_Party/FreeRTOS/Source/portable/GCC/ARM_CM4F -O0 -ffunction-sections -fdata-sections -Wall -fstack-usage -fcyclomatic-complexity -MMD -MP -MF"Core/Src/stm32f4xx_hal_msp.d" -MT"Core/Src/stm32f4xx_hal_msp.o" --specs=nano.specs -mfpu=fpv4-sp-d16 -mfloat-abi=hard -mthumb -o "Core/Src/stm32f4xx_hal_msp.o"
arm-none-eabi-gcc "../Core/Src/stm32f4xx_hal_timebase_tim.c" -mcpu=cortex-m4 -std=gnu11 -g3 -DDEBUG -DUSE_HAL_DRIVER -DSTM32F411xE -c -I../Core/Inc -I../Drivers/STM32F4xx_HAL_Driver/Inc -I"/home/kerhoas/WORKSPACE_WEB2/ROBOT_ROS_/WORKSPACE_F411_uROS/base_robot/micro_ros_stm32cubemx_utils/microros_static_library/libmicroros/microros_include" -I../Drivers/STM32F4xx_HAL_Driver/Inc/Legacy -I../Drivers/CMSIS/Device/ST/STM32F4xx/Include -I../Drivers/CMSIS/Include -I../Middlewares/Third_Party/FreeRTOS/Source/include -I../Middlewares/Third_Party/FreeRTOS/Source/CMSIS_RTOS_V2 -I../Middlewares/Third_Party/FreeRTOS/Source/portable/GCC/ARM_CM4F -O0 -ffunction-sections -fdata-sections -Wall -fstack-usage -fcyclomatic-complexity -MMD -MP -MF"Core/Src/stm32f4xx_hal_timebase_tim.d" -MT"Core/Src/stm32f4xx_hal_timebase_tim.o" --specs=nano.specs -mfpu=fpv4-sp-d16 -mfloat-abi=hard -mthumb -o "Core/Src/stm32f4xx_hal_timebase_tim.o"
arm-none-eabi-gcc "../Core/Src/stm32f4xx_it.c" -mcpu=cortex-m4 -std=gnu11 -g3 -DDEBUG -DUSE_HAL_DRIVER -DSTM32F411xE -c -I../Core/Inc -I../Drivers/STM32F4xx_HAL_Driver/Inc -I"/home/kerhoas/WORKSPACE_WEB2/ROBOT_ROS_/WORKSPACE_F411_uROS/base_robot/micro_ros_stm32cubemx_utils/microros_static_library/libmicroros/microros_include" -I../Drivers/STM32F4xx_HAL_Driver/Inc/Legacy -I../Drivers/CMSIS/Device/ST/STM32F4xx/Include -I../Drivers/CMSIS/Include -I../Middlewares/Third_Party/FreeRTOS/Source/include -I../Middlewares/Third_Party/FreeRTOS/Source/CMSIS_RTOS_V2 -I../Middlewares/Third_Party/FreeRTOS/Source/portable/GCC/ARM_CM4F -O0 -ffunction-sections -fdata-sections -Wall -fstack-usage -fcyclomatic-complexity -MMD -MP -MF"Core/Src/stm32f4xx_it.d" -MT"Core/Src/stm32f4xx_it.o" --specs=nano.specs -mfpu=fpv4-sp-d16 -mfloat-abi=hard -mthumb -o "Core/Src/stm32f4xx_it.o"
arm-none-eabi-gcc "../Core/Src/syscalls.c" -mcpu=cortex-m4 -std=gnu11 -g3 -DDEBUG -DUSE_HAL_DRIVER -DSTM32F411xE -c -I../Core/Inc -I../Drivers/STM32F4xx_HAL_Driver/Inc -I"/home/kerhoas/WORKSPACE_WEB2/ROBOT_ROS_/WORKSPACE_F411_uROS/base_robot/micro_ros_stm32cubemx_utils/microros_static_library/libmicroros/microros_include" -I../Drivers/STM32F4xx_HAL_Driver/Inc/Legacy -I../Drivers/CMSIS/Device/ST/STM32F4xx/Include -I../Drivers/CMSIS/Include -I../Middlewares/Third_Party/FreeRTOS/Source/include -I../Middlewares/Third_Party/FreeRTOS/Source/CMSIS_RTOS_V2 -I../Middlewares/Third_Party/FreeRTOS/Source/portable/GCC/ARM_CM4F -O0 -ffunction-sections -fdata-sections -Wall -fstack-usage -fcyclomatic-complexity -MMD -MP -MF"Core/Src/syscalls.d" -MT"Core/Src/syscalls.o" --specs=nano.specs -mfpu=fpv4-sp-d16 -mfloat-abi=hard -mthumb -o "Core/Src/syscalls.o"
arm-none-eabi-gcc "../Core/Src/sysmem.c" -mcpu=cortex-m4 -std=gnu11 -g3 -DDEBUG -DUSE_HAL_DRIVER -DSTM32F411xE -c -I../Core/Inc -I../Drivers/STM32F4xx_HAL_Driver/Inc -I"/home/kerhoas/WORKSPACE_WEB2/ROBOT_ROS_/WORKSPACE_F411_uROS/base_robot/micro_ros_stm32cubemx_utils/microros_static_library/libmicroros/microros_include" -I../Drivers/STM32F4xx_HAL_Driver/Inc/Legacy -I../Drivers/CMSIS/Device/ST/STM32F4xx/Include -I../Drivers/CMSIS/Include -I../Middlewares/Third_Party/FreeRTOS/Source/include -I../Middlewares/Third_Party/FreeRTOS/Source/CMSIS_RTOS_V2 -I../Middlewares/Third_Party/FreeRTOS/Source/portable/GCC/ARM_CM4F -O0 -ffunction-sections -fdata-sections -Wall -fstack-usage -fcyclomatic-complexity -MMD -MP -MF"Core/Src/sysmem.d" -MT"Core/Src/sysmem.o" --specs=nano.specs -mfpu=fpv4-sp-d16 -mfloat-abi=hard -mthumb -o "Core/Src/sysmem.o"
arm-none-eabi-gcc "../Core/Src/system_stm32f4xx.c" -mcpu=cortex-m4 -std=gnu11 -g3 -DDEBUG -DUSE_HAL_DRIVER -DSTM32F411xE -c -I../Core/Inc -I../Drivers/STM32F4xx_HAL_Driver/Inc -I"/home/kerhoas/WORKSPACE_WEB2/ROBOT_ROS_/WORKSPACE_F411_uROS/base_robot/micro_ros_stm32cubemx_utils/microros_static_library/libmicroros/microros_include" -I../Drivers/STM32F4xx_HAL_Driver/Inc/Legacy -I../Drivers/CMSIS/Device/ST/STM32F4xx/Include -I../Drivers/CMSIS/Include -I../Middlewares/Third_Party/FreeRTOS/Source/include -I../Middlewares/Third_Party/FreeRTOS/Source/CMSIS_RTOS_V2 -I../Middlewares/Third_Party/FreeRTOS/Source/portable/GCC/ARM_CM4F -O0 -ffunction-sections -fdata-sections -Wall -fstack-usage -fcyclomatic-complexity -MMD -MP -MF"Core/Src/system_stm32f4xx.d" -MT"Core/Src/system_stm32f4xx.o" --specs=nano.specs -mfpu=fpv4-sp-d16 -mfloat-abi=hard -mthumb -o "Core/Src/system_stm32f4xx.o"
arm-none-eabi-gcc "../Core/Src/systemclock.c" -mcpu=cortex-m4 -std=gnu11 -g3 -DDEBUG -DUSE_HAL_DRIVER -DSTM32F411xE -c -I../Core/Inc -I../Drivers/STM32F4xx_HAL_Driver/Inc -I"/home/kerhoas/WORKSPACE_WEB2/ROBOT_ROS_/WORKSPACE_F411_uROS/base_robot/micro_ros_stm32cubemx_utils/microros_static_library/libmicroros/microros_include" -I../Drivers/STM32F4xx_HAL_Driver/Inc/Legacy -I../Drivers/CMSIS/Device/ST/STM32F4xx/Include -I../Drivers/CMSIS/Include -I../Middlewares/Third_Party/FreeRTOS/Source/include -I../Middlewares/Third_Party/FreeRTOS/Source/CMSIS_RTOS_V2 -I../Middlewares/Third_Party/FreeRTOS/Source/portable/GCC/ARM_CM4F -O0 -ffunction-sections -fdata-sections -Wall -fstack-usage -fcyclomatic-complexity -MMD -MP -MF"Core/Src/systemclock.d" -MT"Core/Src/systemclock.o" --specs=nano.specs -mfpu=fpv4-sp-d16 -mfloat-abi=hard -mthumb -o "Core/Src/systemclock.o"
arm-none-eabi-gcc "../Core/Src/util.c" -mcpu=cortex-m4 -std=gnu11 -g3 -DDEBUG -DUSE_HAL_DRIVER -DSTM32F411xE -c -I../Core/Inc -I../Drivers/STM32F4xx_HAL_Driver/Inc -I"/home/kerhoas/WORKSPACE_WEB2/ROBOT_ROS_/WORKSPACE_F411_uROS/base_robot/micro_ros_stm32cubemx_utils/microros_static_library/libmicroros/microros_include" -I../Drivers/STM32F4xx_HAL_Driver/Inc/Legacy -I../Drivers/CMSIS/Device/ST/STM32F4xx/Include -I../Drivers/CMSIS/Include -I../Middlewares/Third_Party/FreeRTOS/Source/include -I../Middlewares/Third_Party/FreeRTOS/Source/CMSIS_RTOS_V2 -I../Middlewares/Third_Party/FreeRTOS/Source/portable/GCC/ARM_CM4F -O0 -ffunction-sections -fdata-sections -Wall -fstack-usage -fcyclomatic-complexity -MMD -MP -MF"Core/Src/util.d" -MT"Core/Src/util.o" --specs=nano.specs -mfpu=fpv4-sp-d16 -mfloat-abi=hard -mthumb -o "Core/Src/util.o"
../Core/Src/main.c: In function 'subscription_callback':
../Core/Src/main.c:253:32: warning: format '%s' expects argument of type 'char *', but argument 2 has type 'rosidl_runtime_c__String' [-Wformat=]
  253 |   printf("Received from HOST: %s\n\r", msg->data);
      |                               ~^       ~~~~~~~~~
      |                                |          |
      |                                char *     rosidl_runtime_c__String
../Core/Src/main.c: In function 'microros_task':
../Core/Src/main.c:306:3: error: 'msg' undeclared (first use in this function)
  306 |   msg.data.data = (char * ) malloc(ARRAY_LEN * sizeof(char));
      |   ^~~
../Core/Src/main.c:306:3: note: each undeclared identifier is reported only once for each function it appears in
../Core/Src/main.c:310:12: warning: unused variable 'counter' [-Wunused-variable]
  310 | static int counter = 0;
      |            ^~~~~~~
../Core/Src/main.c:304:13: warning: unused variable 'rc' [-Wunused-variable]
  304 |   rcl_ret_t rc = rclc_executor_add_subscription(&executor, &subscriber, &command_move_msg,&subscription_callback, ON_NEW_DATA);
      |             ^~
../Core/Src/main.c:287:22: warning: unused variable 'node_ops' [-Wunused-variable]
  287 |   rcl_node_options_t node_ops = rcl_node_get_default_options();
      |                      ^~~~~~~~
../Core/Src/main.c:281:22: warning: unused variable 'command_move_sub' [-Wunused-variable]
  281 |   rcl_subscription_t command_move_sub;
      |                      ^~~~~~~~~~~~~~~~
../Core/Src/main.c:289:3: warning: ignoring return value of 'rcl_init_options_init' declared with attribute 'warn_unused_result' [-Wunused-result]
  289 |   rcl_init_options_init(&init_options, allocator);
      |   ^~~~~~~~~~~~~~~~~~~~~~~~~~~~~~~~~~~~~~~~~~~~~~~
../Core/Src/main.c:290:3: warning: ignoring return value of 'rcl_init_options_set_domain_id' declared with attribute 'warn_unused_result' [-Wunused-result]
  290 |   rcl_init_options_set_domain_id(&init_options, ROS_DOMAIN_ID);
      |   ^~~~~~~~~~~~~~~~~~~~~~~~~~~~~~~~~~~~~~~~~~~~~~~~~~~~~~~~~~~~
At top level:
../Core/Src/main.c:310:12: warning: 'counter' defined but not used [-Wunused-variable]
  310 | static int counter = 0;
      |            ^~~~~~~
make: *** [Core/Src/subdir.mk:82: Core/Src/main.o] Error 1
make: *** Waiting for unfinished jobs....
"make -j8 all" terminated with exit code 2. Build might be incomplete.
17:22:37 **** Incremental Build of configuration Debug for project base_robot ****
make -j8 all 
arm-none-eabi-gcc "../Core/Src/main.c" -mcpu=cortex-m4 -std=gnu11 -g3 -DDEBUG -DUSE_HAL_DRIVER -DSTM32F411xE -c -I../Core/Inc -I../Drivers/STM32F4xx_HAL_Driver/Inc -I"/home/kerhoas/WORKSPACE_WEB2/ROBOT_ROS_/WORKSPACE_F411_uROS/base_robot/micro_ros_stm32cubemx_utils/microros_static_library/libmicroros/microros_include" -I../Drivers/STM32F4xx_HAL_Driver/Inc/Legacy -I../Drivers/CMSIS/Device/ST/STM32F4xx/Include -I../Drivers/CMSIS/Include -I../Middlewares/Third_Party/FreeRTOS/Source/include -I../Middlewares/Third_Party/FreeRTOS/Source/CMSIS_RTOS_V2 -I../Middlewares/Third_Party/FreeRTOS/Source/portable/GCC/ARM_CM4F -O0 -ffunction-sections -fdata-sections -Wall -fstack-usage -fcyclomatic-complexity -MMD -MP -MF"Core/Src/main.d" -MT"Core/Src/main.o" --specs=nano.specs -mfpu=fpv4-sp-d16 -mfloat-abi=hard -mthumb -o "Core/Src/main.o"
../Core/Src/main.c: In function 'subscription_callback':
../Core/Src/main.c:258:32: warning: format '%s' expects argument of type 'char *', but argument 2 has type 'rosidl_runtime_c__String' [-Wformat=]
  258 |   printf("Received from HOST: %s\n\r", msg->data);
      |                               ~^       ~~~~~~~~~
      |                                |          |
      |                                char *     rosidl_runtime_c__String
../Core/Src/main.c: In function 'microros_task':
../Core/Src/main.c:321:44: error: 'msg' undeclared (first use in this function)
  321 |    sensor_dist_back_msg.data.size = strlen(msg.data.data);
      |                                            ^~~
../Core/Src/main.c:321:44: note: each undeclared identifier is reported only once for each function it appears in
../Core/Src/main.c:316:12: warning: unused variable 'counter' [-Wunused-variable]
  316 | static int counter = 0;
      |            ^~~~~~~
../Core/Src/main.c:310:13: warning: unused variable 'rc' [-Wunused-variable]
  310 |   rcl_ret_t rc = rclc_executor_add_subscription(&executor, &subscriber, &command_move_msg, &subscription_callback, ON_NEW_DATA);
      |             ^~
../Core/Src/main.c:293:22: warning: unused variable 'node_ops' [-Wunused-variable]
  293 |   rcl_node_options_t node_ops = rcl_node_get_default_options();
      |                      ^~~~~~~~
../Core/Src/main.c:286:22: warning: unused variable 'command_move_sub' [-Wunused-variable]
  286 |   rcl_subscription_t command_move_sub;
      |                      ^~~~~~~~~~~~~~~~
../Core/Src/main.c:295:3: warning: ignoring return value of 'rcl_init_options_init' declared with attribute 'warn_unused_result' [-Wunused-result]
  295 |   rcl_init_options_init(&init_options, allocator);
      |   ^~~~~~~~~~~~~~~~~~~~~~~~~~~~~~~~~~~~~~~~~~~~~~~
../Core/Src/main.c:296:3: warning: ignoring return value of 'rcl_init_options_set_domain_id' declared with attribute 'warn_unused_result' [-Wunused-result]
  296 |   rcl_init_options_set_domain_id(&init_options, ROS_DOMAIN_ID);
      |   ^~~~~~~~~~~~~~~~~~~~~~~~~~~~~~~~~~~~~~~~~~~~~~~~~~~~~~~~~~~~
At top level:
../Core/Src/main.c:316:12: warning: 'counter' defined but not used [-Wunused-variable]
  316 | static int counter = 0;
      |            ^~~~~~~
make: *** [Core/Src/subdir.mk:82: Core/Src/main.o] Error 1
"make -j8 all" terminated with exit code 2. Build might be incomplete.
17:23:26 **** Incremental Build of configuration Debug for project base_robot ****
make -j8 all 
arm-none-eabi-gcc "../Core/Src/main.c" -mcpu=cortex-m4 -std=gnu11 -g3 -DDEBUG -DUSE_HAL_DRIVER -DSTM32F411xE -c -I../Core/Inc -I../Drivers/STM32F4xx_HAL_Driver/Inc -I"/home/kerhoas/WORKSPACE_WEB2/ROBOT_ROS_/WORKSPACE_F411_uROS/base_robot/micro_ros_stm32cubemx_utils/microros_static_library/libmicroros/microros_include" -I../Drivers/STM32F4xx_HAL_Driver/Inc/Legacy -I../Drivers/CMSIS/Device/ST/STM32F4xx/Include -I../Drivers/CMSIS/Include -I../Middlewares/Third_Party/FreeRTOS/Source/include -I../Middlewares/Third_Party/FreeRTOS/Source/CMSIS_RTOS_V2 -I../Middlewares/Third_Party/FreeRTOS/Source/portable/GCC/ARM_CM4F -O0 -ffunction-sections -fdata-sections -Wall -fstack-usage -fcyclomatic-complexity -MMD -MP -MF"Core/Src/main.d" -MT"Core/Src/main.o" --specs=nano.specs -mfpu=fpv4-sp-d16 -mfloat-abi=hard -mthumb -o "Core/Src/main.o"
../Core/Src/main.c: In function 'subscription_callback':
../Core/Src/main.c:258:32: warning: format '%s' expects argument of type 'char *', but argument 2 has type 'rosidl_runtime_c__String' [-Wformat=]
  258 |   printf("Received from HOST: %s\n\r", msg->data);
      |                               ~^       ~~~~~~~~~
      |                                |          |
      |                                char *     rosidl_runtime_c__String
../Core/Src/main.c: In function 'microros_task':
../Core/Src/main.c:316:12: warning: unused variable 'counter' [-Wunused-variable]
  316 | static int counter = 0;
      |            ^~~~~~~
../Core/Src/main.c:310:13: warning: unused variable 'rc' [-Wunused-variable]
  310 |   rcl_ret_t rc = rclc_executor_add_subscription(&executor, &subscriber, &command_move_msg, &subscription_callback, ON_NEW_DATA);
      |             ^~
../Core/Src/main.c:293:22: warning: unused variable 'node_ops' [-Wunused-variable]
  293 |   rcl_node_options_t node_ops = rcl_node_get_default_options();
      |                      ^~~~~~~~
../Core/Src/main.c:286:22: warning: unused variable 'command_move_sub' [-Wunused-variable]
  286 |   rcl_subscription_t command_move_sub;
      |                      ^~~~~~~~~~~~~~~~
../Core/Src/main.c:295:3: warning: ignoring return value of 'rcl_init_options_init' declared with attribute 'warn_unused_result' [-Wunused-result]
  295 |   rcl_init_options_init(&init_options, allocator);
      |   ^~~~~~~~~~~~~~~~~~~~~~~~~~~~~~~~~~~~~~~~~~~~~~~
../Core/Src/main.c:296:3: warning: ignoring return value of 'rcl_init_options_set_domain_id' declared with attribute 'warn_unused_result' [-Wunused-result]
  296 |   rcl_init_options_set_domain_id(&init_options, ROS_DOMAIN_ID);
      |   ^~~~~~~~~~~~~~~~~~~~~~~~~~~~~~~~~~~~~~~~~~~~~~~~~~~~~~~~~~~~
At top level:
../Core/Src/main.c:316:12: warning: 'counter' defined but not used [-Wunused-variable]
  316 | static int counter = 0;
      |            ^~~~~~~
arm-none-eabi-gcc -o "base_robot.elf" @"objects.list"  -lmicroros -mcpu=cortex-m4 -T"/home/kerhoas/WORKSPACE_WEB2/ROBOT_ROS_/WORKSPACE_F411_uROS/base_robot/STM32F411RETX_FLASH.ld" --specs=nosys.specs -Wl,-Map="base_robot.map" -Wl,--gc-sections -static -L"/home/kerhoas/WORKSPACE_WEB2/ROBOT_ROS_/WORKSPACE_F411_uROS/base_robot/micro_ros_stm32cubemx_utils/microros_static_library/libmicroros" --specs=nano.specs -mfpu=fpv4-sp-d16 -mfloat-abi=hard -mthumb -u _printf_float -u _scanf_float -Wl,--start-group -lc -lm -Wl,--end-group
Finished building target: base_robot.elf
 
arm-none-eabi-size   base_robot.elf 
arm-none-eabi-objdump -h -S  base_robot.elf  > "base_robot.list"
   text	   data	    bss	    dec	    hex	filename
 125988	    644	  60880	 187512	  2dc78	base_robot.elf
Finished building: default.size.stdout
 
Finished building: base_robot.list
 
17:23:53 **** Incremental Build of configuration Debug for project base_robot ****
make -j8 all 
arm-none-eabi-gcc "../Core/Src/main.c" -mcpu=cortex-m4 -std=gnu11 -g3 -DDEBUG -DUSE_HAL_DRIVER -DSTM32F411xE -c -I../Core/Inc -I../Drivers/STM32F4xx_HAL_Driver/Inc -I"/home/kerhoas/WORKSPACE_WEB2/ROBOT_ROS_/WORKSPACE_F411_uROS/base_robot/micro_ros_stm32cubemx_utils/microros_static_library/libmicroros/microros_include" -I../Drivers/STM32F4xx_HAL_Driver/Inc/Legacy -I../Drivers/CMSIS/Device/ST/STM32F4xx/Include -I../Drivers/CMSIS/Include -I../Middlewares/Third_Party/FreeRTOS/Source/include -I../Middlewares/Third_Party/FreeRTOS/Source/CMSIS_RTOS_V2 -I../Middlewares/Third_Party/FreeRTOS/Source/portable/GCC/ARM_CM4F -O0 -ffunction-sections -fdata-sections -Wall -fstack-usage -fcyclomatic-complexity -MMD -MP -MF"Core/Src/main.d" -MT"Core/Src/main.o" --specs=nano.specs -mfpu=fpv4-sp-d16 -mfloat-abi=hard -mthumb -o "Core/Src/main.o"
../Core/Src/main.c: In function 'subscription_callback':
../Core/Src/main.c:258:32: warning: format '%s' expects argument of type 'char *', but argument 2 has type 'rosidl_runtime_c__String' [-Wformat=]
  258 |   printf("Received from HOST: %s\n\r", msg->data);
      |                               ~^       ~~~~~~~~~
      |                                |          |
      |                                char *     rosidl_runtime_c__String
../Core/Src/main.c: In function 'microros_task':
../Core/Src/main.c:310:13: warning: unused variable 'rc' [-Wunused-variable]
  310 |   rcl_ret_t rc = rclc_executor_add_subscription(&executor, &subscriber, &command_move_msg, &subscription_callback, ON_NEW_DATA);
      |             ^~
../Core/Src/main.c:293:22: warning: unused variable 'node_ops' [-Wunused-variable]
  293 |   rcl_node_options_t node_ops = rcl_node_get_default_options();
      |                      ^~~~~~~~
../Core/Src/main.c:286:22: warning: unused variable 'command_move_sub' [-Wunused-variable]
  286 |   rcl_subscription_t command_move_sub;
      |                      ^~~~~~~~~~~~~~~~
../Core/Src/main.c:295:3: warning: ignoring return value of 'rcl_init_options_init' declared with attribute 'warn_unused_result' [-Wunused-result]
  295 |   rcl_init_options_init(&init_options, allocator);
      |   ^~~~~~~~~~~~~~~~~~~~~~~~~~~~~~~~~~~~~~~~~~~~~~~
../Core/Src/main.c:296:3: warning: ignoring return value of 'rcl_init_options_set_domain_id' declared with attribute 'warn_unused_result' [-Wunused-result]
  296 |   rcl_init_options_set_domain_id(&init_options, ROS_DOMAIN_ID);
      |   ^~~~~~~~~~~~~~~~~~~~~~~~~~~~~~~~~~~~~~~~~~~~~~~~~~~~~~~~~~~~
arm-none-eabi-gcc -o "base_robot.elf" @"objects.list"  -lmicroros -mcpu=cortex-m4 -T"/home/kerhoas/WORKSPACE_WEB2/ROBOT_ROS_/WORKSPACE_F411_uROS/base_robot/STM32F411RETX_FLASH.ld" --specs=nosys.specs -Wl,-Map="base_robot.map" -Wl,--gc-sections -static -L"/home/kerhoas/WORKSPACE_WEB2/ROBOT_ROS_/WORKSPACE_F411_uROS/base_robot/micro_ros_stm32cubemx_utils/microros_static_library/libmicroros" --specs=nano.specs -mfpu=fpv4-sp-d16 -mfloat-abi=hard -mthumb -u _printf_float -u _scanf_float -Wl,--start-group -lc -lm -Wl,--end-group
Finished building target: base_robot.elf
 
arm-none-eabi-size   base_robot.elf 
arm-none-eabi-objdump -h -S  base_robot.elf  > "base_robot.list"
   text	   data	    bss	    dec	    hex	filename
 125988	    644	  60880	 187512	  2dc78	base_robot.elf
Finished building: default.size.stdout
 
Finished building: base_robot.list
 
17:24:04 **** Incremental Build of configuration Debug for project base_robot ****
make -j8 all 
arm-none-eabi-gcc "../Core/Src/main.c" -mcpu=cortex-m4 -std=gnu11 -g3 -DDEBUG -DUSE_HAL_DRIVER -DSTM32F411xE -c -I../Core/Inc -I../Drivers/STM32F4xx_HAL_Driver/Inc -I"/home/kerhoas/WORKSPACE_WEB2/ROBOT_ROS_/WORKSPACE_F411_uROS/base_robot/micro_ros_stm32cubemx_utils/microros_static_library/libmicroros/microros_include" -I../Drivers/STM32F4xx_HAL_Driver/Inc/Legacy -I../Drivers/CMSIS/Device/ST/STM32F4xx/Include -I../Drivers/CMSIS/Include -I../Middlewares/Third_Party/FreeRTOS/Source/include -I../Middlewares/Third_Party/FreeRTOS/Source/CMSIS_RTOS_V2 -I../Middlewares/Third_Party/FreeRTOS/Source/portable/GCC/ARM_CM4F -O0 -ffunction-sections -fdata-sections -Wall -fstack-usage -fcyclomatic-complexity -MMD -MP -MF"Core/Src/main.d" -MT"Core/Src/main.o" --specs=nano.specs -mfpu=fpv4-sp-d16 -mfloat-abi=hard -mthumb -o "Core/Src/main.o"
../Core/Src/main.c: In function 'subscription_callback':
../Core/Src/main.c:258:32: warning: format '%s' expects argument of type 'char *', but argument 2 has type 'rosidl_runtime_c__String' [-Wformat=]
  258 |   printf("Received from HOST: %s\n\r", msg->data);
      |                               ~^       ~~~~~~~~~
      |                                |          |
      |                                char *     rosidl_runtime_c__String
../Core/Src/main.c: In function 'microros_task':
../Core/Src/main.c:293:22: warning: unused variable 'node_ops' [-Wunused-variable]
  293 |   rcl_node_options_t node_ops = rcl_node_get_default_options();
      |                      ^~~~~~~~
../Core/Src/main.c:286:22: warning: unused variable 'command_move_sub' [-Wunused-variable]
  286 |   rcl_subscription_t command_move_sub;
      |                      ^~~~~~~~~~~~~~~~
../Core/Src/main.c:295:3: warning: ignoring return value of 'rcl_init_options_init' declared with attribute 'warn_unused_result' [-Wunused-result]
  295 |   rcl_init_options_init(&init_options, allocator);
      |   ^~~~~~~~~~~~~~~~~~~~~~~~~~~~~~~~~~~~~~~~~~~~~~~
../Core/Src/main.c:296:3: warning: ignoring return value of 'rcl_init_options_set_domain_id' declared with attribute 'warn_unused_result' [-Wunused-result]
  296 |   rcl_init_options_set_domain_id(&init_options, ROS_DOMAIN_ID);
      |   ^~~~~~~~~~~~~~~~~~~~~~~~~~~~~~~~~~~~~~~~~~~~~~~~~~~~~~~~~~~~
arm-none-eabi-gcc -o "base_robot.elf" @"objects.list"  -lmicroros -mcpu=cortex-m4 -T"/home/kerhoas/WORKSPACE_WEB2/ROBOT_ROS_/WORKSPACE_F411_uROS/base_robot/STM32F411RETX_FLASH.ld" --specs=nosys.specs -Wl,-Map="base_robot.map" -Wl,--gc-sections -static -L"/home/kerhoas/WORKSPACE_WEB2/ROBOT_ROS_/WORKSPACE_F411_uROS/base_robot/micro_ros_stm32cubemx_utils/microros_static_library/libmicroros" --specs=nano.specs -mfpu=fpv4-sp-d16 -mfloat-abi=hard -mthumb -u _printf_float -u _scanf_float -Wl,--start-group -lc -lm -Wl,--end-group
Finished building target: base_robot.elf
 
arm-none-eabi-size   base_robot.elf 
arm-none-eabi-objdump -h -S  base_robot.elf  > "base_robot.list"
   text	   data	    bss	    dec	    hex	filename
 125988	    644	  60880	 187512	  2dc78	base_robot.elf
Finished building: default.size.stdout
 
Finished building: base_robot.list
 
17:24:26 **** Incremental Build of configuration Debug for project base_robot ****
make -j8 all 
[...]
../Core/Src/main.c:246:23: warning: pointer targets in passing argument 2 of 'xTaskCreate' differ in signedness [-Wpointer-sign]
  246 |  xTaskCreate( task_E, ( signed portCHAR * ) "task E", 128 /* stack size */, NULL, 30, NULL );
      |                       ^~~~~~~~~~~~~~~~~~~~~~~~~~~~~~
      |                       |
      |                       signed char *
In file included from ../Core/Inc/main.h:81,
                 from ../Core/Src/main.c:1:
../Middlewares/Third_Party/FreeRTOS/Source/include/task.h:331:27: note: expected 'const char * const' but argument is of type 'signed char *'
  331 |        const char * const pcName, /*lint !e971 Unqualified char types are allowed for strings and single characters only. */
      |        ~~~~~~~~~~~~~~~~~~~^~~~~~
../Core/Src/main.c:247:23: warning: pointer targets in passing argument 2 of 'xTaskCreate' differ in signedness [-Wpointer-sign]
  247 |  xTaskCreate( task_F, ( signed portCHAR * ) "task F", 128 /* stack size */, NULL, 29, NULL );
      |                       ^~~~~~~~~~~~~~~~~~~~~~~~~~~~~~
      |                       |
      |                       signed char *
In file included from ../Core/Inc/main.h:81,
                 from ../Core/Src/main.c:1:
../Middlewares/Third_Party/FreeRTOS/Source/include/task.h:331:27: note: expected 'const char * const' but argument is of type 'signed char *'
  331 |        const char * const pcName, /*lint !e971 Unqualified char types are allowed for strings and single characters only. */
      |        ~~~~~~~~~~~~~~~~~~~^~~~~~
../Core/Src/main.c:209:11: warning: variable 'speed' set but not used [-Wunused-but-set-variable]
  209 |   int16_t speed=0;
      |           ^~~~~
../Core/Src/main.c:160:7: warning: unused variable 'tab_dist' [-Wunused-variable]
  160 |   int tab_dist[2];
      |       ^~~~~~~~
../Core/Src/main.c: In function 'subscription_callback':
../Core/Src/main.c:278:32: warning: format '%s' expects argument of type 'char *', but argument 2 has type 'rosidl_runtime_c__String' [-Wformat=]
  278 |   printf("Received from HOST: %s\n\r", msg->data);
      |                               ~^       ~~~~~~~~~
      |                                |          |
      |                                char *     rosidl_runtime_c__String
../Core/Src/main.c: In function 'microros_task':
../Core/Src/main.c:331:58: warning: format '%d' expects argument of type 'int', but argument 3 has type 'long int' [-Wformat=]
  331 |    sprintf(str_msg.data.data, "from STM32 : mes_vl53 : #%d", (int32_t)mes_vl53);
      |                                                         ~^   ~~~~~~~~~~~~~~~~~
      |                                                          |   |
      |                                                          int long int
      |                                                         %ld
../Core/Src/main.c:313:25: warning: unused variable 'sensor_dist_back_msg' [-Wunused-variable]
  313 |   std_msgs__msg__String sensor_dist_back_msg;
      |                         ^~~~~~~~~~~~~~~~~~~~
../Core/Src/main.c:303:22: warning: unused variable 'node_ops' [-Wunused-variable]
  303 |   rcl_node_options_t node_ops = rcl_node_get_default_options();
      |                      ^~~~~~~~
../Core/Src/main.c:305:3: warning: ignoring return value of 'rcl_init_options_init' declared with attribute 'warn_unused_result' [-Wunused-result]
  305 |   rcl_init_options_init(&init_options, allocator);
      |   ^~~~~~~~~~~~~~~~~~~~~~~~~~~~~~~~~~~~~~~~~~~~~~~
../Core/Src/main.c:306:3: warning: ignoring return value of 'rcl_init_options_set_domain_id' declared with attribute 'warn_unused_result' [-Wunused-result]
  306 |   rcl_init_options_set_domain_id(&init_options, ROS_DOMAIN_ID);
      |   ^~~~~~~~~~~~~~~~~~~~~~~~~~~~~~~~~~~~~~~~~~~~~~~~~~~~~~~~~~~~
arm-none-eabi-gcc -o "base_robot.elf" @"objects.list"  -lmicroros -mcpu=cortex-m4 -T"/home/casa/kerhoas/Downloads/WORKSPACE_F411_uROS/base_robot/STM32F411RETX_FLASH.ld" --specs=nosys.specs -Wl,-Map="base_robot.map" -Wl,--gc-sections -static -L"/home/casa/kerhoas/Downloads/WORKSPACE_F411_uROS/base_robot/micro_ros_stm32cubemx_utils/microros_static_library/libmicroros" --specs=nano.specs -mfpu=fpv4-sp-d16 -mfloat-abi=hard -mthumb -u _printf_float -u _scanf_float -Wl,--start-group -lc -lm -Wl,--end-group
Finished building target: base_robot.elf
 
arm-none-eabi-size   base_robot.elf 
arm-none-eabi-objdump -h -S  base_robot.elf  > "base_robot.list"
   text	   data	    bss	    dec	    hex	filename
 126196	    604	  60496	 187296	  2dba0	base_robot.elf
Finished building: default.size.stdout
 
Finished building: base_robot.list
 
11:37:06 **** Incremental Build of configuration Debug for project base_robot ****
make -j12 all 
arm-none-eabi-gcc "../Core/Src/main.c" -mcpu=cortex-m4 -std=gnu11 -g3 -DDEBUG -DUSE_HAL_DRIVER -DSTM32F411xE -c -I../Core/Inc -I../Drivers/STM32F4xx_HAL_Driver/Inc -I"/home/casa/kerhoas/Downloads/WORKSPACE_F411_uROS/base_robot/micro_ros_stm32cubemx_utils/microros_static_library/libmicroros/microros_include" -I../Drivers/STM32F4xx_HAL_Driver/Inc/Legacy -I../Drivers/CMSIS/Device/ST/STM32F4xx/Include -I../Drivers/CMSIS/Include -I../Middlewares/Third_Party/FreeRTOS/Source/include -I../Middlewares/Third_Party/FreeRTOS/Source/CMSIS_RTOS_V2 -I../Middlewares/Third_Party/FreeRTOS/Source/portable/GCC/ARM_CM4F -O0 -ffunction-sections -fdata-sections -Wall -fstack-usage -MMD -MP -MF"Core/Src/main.d" -MT"Core/Src/main.o" --specs=nano.specs -mfpu=fpv4-sp-d16 -mfloat-abi=hard -mthumb -o "Core/Src/main.o"
../Core/Src/main.c: In function 'task_A':
../Core/Src/main.c:68:12: warning: unused variable 'i' [-Wunused-variable]
   68 | static int i = 0;
      |            ^
../Core/Src/main.c:67:5: warning: unused variable 'speed' [-Wunused-variable]
   67 | int speed=0;
      |     ^~~~~
../Core/Src/main.c: In function 'main':
../Core/Src/main.c:213:11: warning: variable 'speed' set but not used [-Wunused-but-set-variable]
  213 |   int16_t speed=0;
      |           ^~~~~
../Core/Src/main.c:164:7: warning: unused variable 'tab_dist' [-Wunused-variable]
  164 |   int tab_dist[2];
      |       ^~~~~~~~
../Core/Src/main.c: In function 'subscription_callback':
../Core/Src/main.c:282:32: warning: format '%s' expects argument of type 'char *', but argument 2 has type 'rosidl_runtime_c__String' [-Wformat=]
  282 |   printf("Received from HOST: %s\n\r", msg->data);
      |                               ~^       ~~~~~~~~~
      |                                |          |
      |                                char *     rosidl_runtime_c__String
../Core/Src/main.c: In function 'microros_task':
../Core/Src/main.c:335:58: warning: format '%d' expects argument of type 'int', but argument 3 has type 'long int' [-Wformat=]
  335 |    sprintf(str_msg.data.data, "from STM32 : mes_vl53 : #%d", (int32_t)mes_vl53);
      |                                                         ~^   ~~~~~~~~~~~~~~~~~
      |                                                          |   |
      |                                                          int long int
      |                                                         %ld
../Core/Src/main.c:317:25: warning: unused variable 'sensor_dist_back_msg' [-Wunused-variable]
  317 |   std_msgs__msg__String sensor_dist_back_msg;
      |                         ^~~~~~~~~~~~~~~~~~~~
../Core/Src/main.c:307:22: warning: unused variable 'node_ops' [-Wunused-variable]
  307 |   rcl_node_options_t node_ops = rcl_node_get_default_options();
      |                      ^~~~~~~~
../Core/Src/main.c:309:3: warning: ignoring return value of 'rcl_init_options_init' declared with attribute 'warn_unused_result' [-Wunused-result]
  309 |   rcl_init_options_init(&init_options, allocator);
      |   ^~~~~~~~~~~~~~~~~~~~~~~~~~~~~~~~~~~~~~~~~~~~~~~
../Core/Src/main.c:310:3: warning: ignoring return value of 'rcl_init_options_set_domain_id' declared with attribute 'warn_unused_result' [-Wunused-result]
  310 |   rcl_init_options_set_domain_id(&init_options, ROS_DOMAIN_ID);
      |   ^~~~~~~~~~~~~~~~~~~~~~~~~~~~~~~~~~~~~~~~~~~~~~~~~~~~~~~~~~~~
At top level:
../Core/Src/main.c:68:12: warning: 'i' defined but not used [-Wunused-variable]
   68 | static int i = 0;
      |            ^
arm-none-eabi-gcc -o "base_robot.elf" @"objects.list"  -lmicroros -mcpu=cortex-m4 -T"/home/casa/kerhoas/Downloads/WORKSPACE_F411_uROS/base_robot/STM32F411RETX_FLASH.ld" --specs=nosys.specs -Wl,-Map="base_robot.map" -Wl,--gc-sections -static -L"/home/casa/kerhoas/Downloads/WORKSPACE_F411_uROS/base_robot/micro_ros_stm32cubemx_utils/microros_static_library/libmicroros" --specs=nano.specs -mfpu=fpv4-sp-d16 -mfloat-abi=hard -mthumb -u _printf_float -u _scanf_float -Wl,--start-group -lc -lm -Wl,--end-group
Finished building target: base_robot.elf
 
arm-none-eabi-size   base_robot.elf 
arm-none-eabi-objdump -h -S  base_robot.elf  > "base_robot.list"
   text	   data	    bss	    dec	    hex	filename
 126108	    604	  60496	 187208	  2db48	base_robot.elf
Finished building: default.size.stdout
 
Finished building: base_robot.list
 
11:37:12 **** Incremental Build of configuration Debug for project base_robot ****
make -j12 all 
arm-none-eabi-size   base_robot.elf 
   text	   data	    bss	    dec	    hex	filename
 126108	    604	  60496	 187208	  2db48	base_robot.elf
Finished building: default.size.stdout
 
11:38:41 **** Incremental Build of configuration Debug for project base_robot ****
make -j12 all 
arm-none-eabi-gcc "../Core/Src/main.c" -mcpu=cortex-m4 -std=gnu11 -g3 -DDEBUG -DUSE_HAL_DRIVER -DSTM32F411xE -c -I../Core/Inc -I../Drivers/STM32F4xx_HAL_Driver/Inc -I"/home/casa/kerhoas/Downloads/WORKSPACE_F411_uROS/base_robot/micro_ros_stm32cubemx_utils/microros_static_library/libmicroros/microros_include" -I../Drivers/STM32F4xx_HAL_Driver/Inc/Legacy -I../Drivers/CMSIS/Device/ST/STM32F4xx/Include -I../Drivers/CMSIS/Include -I../Middlewares/Third_Party/FreeRTOS/Source/include -I../Middlewares/Third_Party/FreeRTOS/Source/CMSIS_RTOS_V2 -I../Middlewares/Third_Party/FreeRTOS/Source/portable/GCC/ARM_CM4F -O0 -ffunction-sections -fdata-sections -Wall -fstack-usage -MMD -MP -MF"Core/Src/main.d" -MT"Core/Src/main.o" --specs=nano.specs -mfpu=fpv4-sp-d16 -mfloat-abi=hard -mthumb -o "Core/Src/main.o"
../Core/Src/main.c: In function 'task_A':
../Core/Src/main.c:68:12: warning: unused variable 'i' [-Wunused-variable]
   68 | static int i = 0;
      |            ^
../Core/Src/main.c:67:5: warning: unused variable 'speed' [-Wunused-variable]
   67 | int speed=0;
      |     ^~~~~
../Core/Src/main.c: In function 'main':
../Core/Src/main.c:213:11: warning: variable 'speed' set but not used [-Wunused-but-set-variable]
  213 |   int16_t speed=0;
      |           ^~~~~
../Core/Src/main.c:164:7: warning: unused variable 'tab_dist' [-Wunused-variable]
  164 |   int tab_dist[2];
      |       ^~~~~~~~
../Core/Src/main.c: In function 'subscription_callback':
../Core/Src/main.c:282:32: warning: format '%s' expects argument of type 'char *', but argument 2 has type 'rosidl_runtime_c__String' [-Wformat=]
  282 |   printf("Received from HOST: %s\n\r", msg->data);
      |                               ~^       ~~~~~~~~~
      |                                |          |
      |                                char *     rosidl_runtime_c__String
../Core/Src/main.c: In function 'microros_task':
../Core/Src/main.c:335:58: warning: format '%d' expects argument of type 'int', but argument 3 has type 'long int' [-Wformat=]
  335 |    sprintf(str_msg.data.data, "from STM32 : mes_vl53 : #%d", (int32_t)mes_vl53);
      |                                                         ~^   ~~~~~~~~~~~~~~~~~
      |                                                          |   |
      |                                                          int long int
      |                                                         %ld
../Core/Src/main.c:317:25: warning: unused variable 'sensor_dist_back_msg' [-Wunused-variable]
  317 |   std_msgs__msg__String sensor_dist_back_msg;
      |                         ^~~~~~~~~~~~~~~~~~~~
../Core/Src/main.c:307:22: warning: unused variable 'node_ops' [-Wunused-variable]
  307 |   rcl_node_options_t node_ops = rcl_node_get_default_options();
      |                      ^~~~~~~~
../Core/Src/main.c:309:3: warning: ignoring return value of 'rcl_init_options_init' declared with attribute 'warn_unused_result' [-Wunused-result]
  309 |   rcl_init_options_init(&init_options, allocator);
      |   ^~~~~~~~~~~~~~~~~~~~~~~~~~~~~~~~~~~~~~~~~~~~~~~
../Core/Src/main.c:310:3: warning: ignoring return value of 'rcl_init_options_set_domain_id' declared with attribute 'warn_unused_result' [-Wunused-result]
  310 |   rcl_init_options_set_domain_id(&init_options, ROS_DOMAIN_ID);
      |   ^~~~~~~~~~~~~~~~~~~~~~~~~~~~~~~~~~~~~~~~~~~~~~~~~~~~~~~~~~~~
At top level:
../Core/Src/main.c:68:12: warning: 'i' defined but not used [-Wunused-variable]
   68 | static int i = 0;
      |            ^
../Core/Src/main.c:91:13: warning: 'task_B' defined but not used [-Wunused-function]
   91 | static void task_B(void *pvParameters)
      |             ^~~~~~
arm-none-eabi-gcc -o "base_robot.elf" @"objects.list"  -lmicroros -mcpu=cortex-m4 -T"/home/casa/kerhoas/Downloads/WORKSPACE_F411_uROS/base_robot/STM32F411RETX_FLASH.ld" --specs=nosys.specs -Wl,-Map="base_robot.map" -Wl,--gc-sections -static -L"/home/casa/kerhoas/Downloads/WORKSPACE_F411_uROS/base_robot/micro_ros_stm32cubemx_utils/microros_static_library/libmicroros" --specs=nano.specs -mfpu=fpv4-sp-d16 -mfloat-abi=hard -mthumb -u _printf_float -u _scanf_float -Wl,--start-group -lc -lm -Wl,--end-group
Finished building target: base_robot.elf
 
arm-none-eabi-size   base_robot.elf 
arm-none-eabi-objdump -h -S  base_robot.elf  > "base_robot.list"
   text	   data	    bss	    dec	    hex	filename
 126052	    604	  60496	 187152	  2db10	base_robot.elf
Finished building: default.size.stdout
 
Finished building: base_robot.list
 
11:38:45 **** Incremental Build of configuration Debug for project base_robot ****
make -j12 all 
arm-none-eabi-size   base_robot.elf 
   text	   data	    bss	    dec	    hex	filename
 126052	    604	  60496	 187152	  2db10	base_robot.elf
Finished building: default.size.stdout
 
11:41:36 **** Incremental Build of configuration Debug for project base_robot ****
make -j12 all 
arm-none-eabi-size   base_robot.elf 
   text	   data	    bss	    dec	    hex	filename
 126052	    604	  60496	 187152	  2db10	base_robot.elf
Finished building: default.size.stdout
 
11:43:07 **** Incremental Build of configuration Debug for project base_robot ****
make -j12 all 
arm-none-eabi-size   base_robot.elf 
   text	   data	    bss	    dec	    hex	filename
 126052	    604	  60496	 187152	  2db10	base_robot.elf
Finished building: default.size.stdout
 
11:46:31 **** Incremental Build of configuration Debug for project base_robot ****
make -j12 all 
arm-none-eabi-gcc "../Core/Src/main.c" -mcpu=cortex-m4 -std=gnu11 -g3 -DDEBUG -DUSE_HAL_DRIVER -DSTM32F411xE -c -I../Core/Inc -I../Drivers/STM32F4xx_HAL_Driver/Inc -I"/home/casa/kerhoas/Downloads/WORKSPACE_F411_uROS/base_robot/micro_ros_stm32cubemx_utils/microros_static_library/libmicroros/microros_include" -I../Drivers/STM32F4xx_HAL_Driver/Inc/Legacy -I../Drivers/CMSIS/Device/ST/STM32F4xx/Include -I../Drivers/CMSIS/Include -I../Middlewares/Third_Party/FreeRTOS/Source/include -I../Middlewares/Third_Party/FreeRTOS/Source/CMSIS_RTOS_V2 -I../Middlewares/Third_Party/FreeRTOS/Source/portable/GCC/ARM_CM4F -O0 -ffunction-sections -fdata-sections -Wall -fstack-usage -MMD -MP -MF"Core/Src/main.d" -MT"Core/Src/main.o" --specs=nano.specs -mfpu=fpv4-sp-d16 -mfloat-abi=hard -mthumb -o "Core/Src/main.o"
../Core/Src/main.c: In function 'task_A':
../Core/Src/main.c:68:12: warning: unused variable 'i' [-Wunused-variable]
   68 | static int i = 0;
      |            ^
../Core/Src/main.c:67:5: warning: unused variable 'speed' [-Wunused-variable]
   67 | int speed=0;
      |     ^~~~~
../Core/Src/main.c: In function 'main':
../Core/Src/main.c:213:11: warning: variable 'speed' set but not used [-Wunused-but-set-variable]
  213 |   int16_t speed=0;
      |           ^~~~~
../Core/Src/main.c:164:7: warning: unused variable 'tab_dist' [-Wunused-variable]
  164 |   int tab_dist[2];
      |       ^~~~~~~~
../Core/Src/main.c: In function 'subscription_callback':
../Core/Src/main.c:282:32: warning: format '%s' expects argument of type 'char *', but argument 2 has type 'rosidl_runtime_c__String' [-Wformat=]
  282 |   printf("Received from HOST: %s\n\r", msg->data);
      |                               ~^       ~~~~~~~~~
      |                                |          |
      |                                char *     rosidl_runtime_c__String
../Core/Src/main.c: In function 'microros_task':
../Core/Src/main.c:335:58: warning: format '%d' expects argument of type 'int', but argument 3 has type 'long int' [-Wformat=]
  335 |    sprintf(str_msg.data.data, "from STM32 : mes_vl53 : #%d", (int32_t)mes_vl53);
      |                                                         ~^   ~~~~~~~~~~~~~~~~~
      |                                                          |   |
      |                                                          int long int
      |                                                         %ld
../Core/Src/main.c:317:25: warning: unused variable 'sensor_dist_back_msg' [-Wunused-variable]
  317 |   std_msgs__msg__String sensor_dist_back_msg;
      |                         ^~~~~~~~~~~~~~~~~~~~
../Core/Src/main.c:307:22: warning: unused variable 'node_ops' [-Wunused-variable]
  307 |   rcl_node_options_t node_ops = rcl_node_get_default_options();
      |                      ^~~~~~~~
../Core/Src/main.c:309:3: warning: ignoring return value of 'rcl_init_options_init' declared with attribute 'warn_unused_result' [-Wunused-result]
  309 |   rcl_init_options_init(&init_options, allocator);
      |   ^~~~~~~~~~~~~~~~~~~~~~~~~~~~~~~~~~~~~~~~~~~~~~~
../Core/Src/main.c:310:3: warning: ignoring return value of 'rcl_init_options_set_domain_id' declared with attribute 'warn_unused_result' [-Wunused-result]
  310 |   rcl_init_options_set_domain_id(&init_options, ROS_DOMAIN_ID);
      |   ^~~~~~~~~~~~~~~~~~~~~~~~~~~~~~~~~~~~~~~~~~~~~~~~~~~~~~~~~~~~
At top level:
../Core/Src/main.c:68:12: warning: 'i' defined but not used [-Wunused-variable]
   68 | static int i = 0;
      |            ^
../Core/Src/main.c:91:13: warning: 'task_B' defined but not used [-Wunused-function]
   91 | static void task_B(void *pvParameters)
      |             ^~~~~~
arm-none-eabi-gcc -o "base_robot.elf" @"objects.list"  -lmicroros -mcpu=cortex-m4 -T"/home/casa/kerhoas/Downloads/WORKSPACE_F411_uROS/base_robot/STM32F411RETX_FLASH.ld" --specs=nosys.specs -Wl,-Map="base_robot.map" -Wl,--gc-sections -static -L"/home/casa/kerhoas/Downloads/WORKSPACE_F411_uROS/base_robot/micro_ros_stm32cubemx_utils/microros_static_library/libmicroros" --specs=nano.specs -mfpu=fpv4-sp-d16 -mfloat-abi=hard -mthumb -u _printf_float -u _scanf_float -Wl,--start-group -lc -lm -Wl,--end-group
Finished building target: base_robot.elf
 
arm-none-eabi-size   base_robot.elf 
arm-none-eabi-objdump -h -S  base_robot.elf  > "base_robot.list"
   text	   data	    bss	    dec	    hex	filename
 126052	    604	  60496	 187152	  2db10	base_robot.elf
Finished building: default.size.stdout
 
Finished building: base_robot.list
 
11:46:36 **** Incremental Build of configuration Debug for project base_robot ****
make -j12 all 
arm-none-eabi-size   base_robot.elf 
   text	   data	    bss	    dec	    hex	filename
 126052	    604	  60496	 187152	  2db10	base_robot.elf
Finished building: default.size.stdout
 
11:49:16 **** Incremental Build of configuration Debug for project base_robot ****
make -j12 all 
arm-none-eabi-size   base_robot.elf 
   text	   data	    bss	    dec	    hex	filename
 126052	    604	  60496	 187152	  2db10	base_robot.elf
Finished building: default.size.stdout
 
